\BOOKMARK [1][-]{section.1}{\376\377\000I\000n\000t\000r\000o\000d\000u\000c\000t\000i\000o\000n\000\040\000a\000n\000d\000\040\000m\000o\000t\000i\000v\000a\000t\000i\000o\000n}{}% 1
\BOOKMARK [1][-]{section.2}{\376\377\000M\000a\000t\000h\000e\000m\000a\000t\000i\000c\000a\000l\000\040\000p\000r\000e\000l\000i\000m\000i\000n\000a\000r\000i\000e\000s}{}% 2
\BOOKMARK [2][-]{subsection.2.1}{\376\377\000T\000h\000e\000\040\000B\000o\000l\000t\000z\000m\000a\000n\000n\000\040\000s\000a\000m\000p\000l\000i\000n\000g\000\040\000p\000r\000o\000b\000l\000e\000m}{section.2}% 3
\BOOKMARK [2][-]{subsection.2.2}{\376\377\000N\000o\000r\000m\000a\000l\000i\000s\000i\000n\000g\000\040\000f\000l\000o\000w\000s\000\040\000a\000n\000d\000\040\000p\000u\000s\000h\000f\000o\000r\000w\000a\000r\000d\000\040\000m\000e\000a\000s\000u\000r\000e\000s}{section.2}% 4
\BOOKMARK [2][-]{subsection.2.3}{\376\377\000T\000h\000e\000\040\000r\000e\000v\000e\000r\000s\000e\000-\000K\000L\000\040\000t\000r\000a\000i\000n\000i\000n\000g\000\040\000l\000o\000s\000s}{section.2}% 5
\BOOKMARK [2][-]{subsection.2.4}{\376\377\000T\000h\000e\000\040\000f\000o\000r\000w\000a\000r\000d\000-\000K\000L\000\040\000t\000r\000a\000i\000n\000i\000n\000g\000\040\000l\000o\000s\000s}{section.2}% 6
\BOOKMARK [2][-]{subsection.2.5}{\376\377\000A\000n\000n\000e\000a\000l\000e\000d\000\040\000i\000m\000p\000o\000r\000t\000a\000n\000c\000e\000\040\000s\000a\000m\000p\000l\000i\000n\000g}{section.2}% 7
\BOOKMARK [2][-]{subsection.2.6}{\376\377\000E\000S\000S\000\040\000a\000n\000d\000\040\000c\000o\000v\000e\000r\000a\000g\000e\000;\000\040\000t\000h\000e\000\040\000f\000a\000k\000e\000-\000E\000S\000S\000\040\000p\000h\000e\000n\000o\000m\000e\000n\000o\000n}{section.2}% 8
\BOOKMARK [1][-]{section.3}{\376\377\000C\000a\000m\000p\000\040\000A\000\040\040\024\000\040\000s\000i\000m\000p\000l\000e\000\040\000p\000r\000i\000o\000r\000,\000\040\000s\000o\000p\000h\000i\000s\000t\000i\000c\000a\000t\000e\000d\000\040\000t\000r\000a\000i\000n\000i\000n\000g}{}% 9
\BOOKMARK [2][-]{subsection.3.1}{\376\377\000T\000h\000e\000\040\000o\000r\000i\000g\000i\000n\000a\000l\000\040\000B\000G\000\040\000\050\000N\000o\000\351\000\040\000e\000t\000\040\000a\000l\000.\000\040\0002\0000\0001\0009\000\051}{section.3}% 10
\BOOKMARK [2][-]{subsection.3.2}{\376\377\000S\000t\000o\000c\000h\000a\000s\000t\000i\000c\000\040\000n\000o\000r\000m\000a\000l\000i\000s\000i\000n\000g\000\040\000f\000l\000o\000w\000s\000\040\000\050\000W\000u\000,\000\040\000K\000\366\000h\000l\000e\000r\000,\000\040\000N\000o\000\351\000\040\0002\0000\0002\0000\000\051}{section.3}% 11
\BOOKMARK [2][-]{subsection.3.3}{\376\377\000E\000q\000u\000i\000v\000a\000r\000i\000a\000n\000t\000\040\000f\000l\000o\000w\000s\000\040\000\050\000K\000\366\000h\000l\000e\000r\000,\000\040\000K\000l\000e\000i\000n\000,\000\040\000N\000o\000\351\000\040\0002\0000\0002\0000\000\051}{section.3}% 12
\BOOKMARK [2][-]{subsection.3.4}{\376\377\000S\000m\000o\000o\000t\000h\000\040\000n\000o\000r\000m\000a\000l\000i\000s\000i\000n\000g\000\040\000f\000l\000o\000w\000s\000\040\000o\000n\000\040\000t\000o\000r\000i\000\040\000a\000n\000d\000\040\000b\000o\000u\000n\000d\000e\000d\000\040\000i\000n\000t\000e\000r\000v\000a\000l\000s\000\040\000\050\000K\000\366\000h\000l\000e\000r\040\023\000K\000r\000\344\000m\000e\000r\040\023\000N\000o\000\351\000\040\0002\0000\0002\0001\000;\000\040\000R\000e\000z\000e\000n\000d\000e\000\040\000e\000t\000\040\000a\000l\000.\000\040\0002\0000\0002\0000\000\051}{section.3}% 13
\BOOKMARK [2][-]{subsection.3.5}{\376\377\000F\000A\000B\000\040\040\024\000\040\000F\000l\000o\000w\000\040\000A\000n\000n\000e\000a\000l\000e\000d\000\040\000I\000m\000p\000o\000r\000t\000a\000n\000c\000e\000\040\000S\000a\000m\000p\000l\000i\000n\000g\000\040\000B\000o\000o\000t\000s\000t\000r\000a\000p\000\040\000\050\000M\000i\000d\000g\000l\000e\000y\000\040\000e\000t\000\040\000a\000l\000.\000\040\0002\0000\0002\0002\000\051}{section.3}% 14
\BOOKMARK [2][-]{subsection.3.6}{\376\377\000A\000d\000a\000p\000t\000i\000v\000e\000\040\000M\000C\000\040\000+\000\040\000f\000l\000o\000w\000\040\000\050\000G\000a\000b\000r\000i\000\351\000,\000\040\000R\000o\000t\000s\000k\000o\000f\000f\000,\000\040\000V\000a\000n\000d\000e\000n\000-\000E\000i\000j\000n\000d\000e\000n\000\040\0002\0000\0002\0002\000\051}{section.3}% 15
\BOOKMARK [2][-]{subsection.3.7}{\376\377\000R\000e\000s\000a\000m\000p\000l\000e\000d\000\040\000b\000a\000s\000e\000\040\000d\000i\000s\000t\000r\000i\000b\000u\000t\000i\000o\000n\000s\000\040\000/\000\040\000L\000A\000R\000S\000\040\000\050\000S\000t\000i\000m\000p\000e\000r\000\040\000e\000t\000\040\000a\000l\000.\000\040\0002\0000\0002\0002\000\051}{section.3}% 16
\BOOKMARK [2][-]{subsection.3.8}{\376\377\000E\000q\000u\000i\000v\000a\000r\000i\000a\000n\000t\000\040\000f\000l\000o\000w\000\040\000m\000a\000t\000c\000h\000i\000n\000g\000\040\000\050\000K\000l\000e\000i\000n\000,\000\040\000K\000r\000\344\000m\000e\000r\000,\000\040\000N\000o\000\351\000\040\0002\0000\0002\0003\000\051}{section.3}% 17
\BOOKMARK [2][-]{subsection.3.9}{\376\377\000i\000D\000E\000M\000\040\040\024\000\040\000I\000t\000e\000r\000a\000t\000e\000d\000\040\000D\000e\000n\000o\000i\000s\000i\000n\000g\000\040\000E\000n\000e\000r\000g\000y\000\040\000M\000a\000t\000c\000h\000i\000n\000g\000\040\000\050\000A\000k\000h\000o\000u\000n\000d\000-\000S\000a\000d\000e\000g\000h\000\040\000e\000t\000\040\000a\000l\000.\000\040\0002\0000\0002\0004\000\051}{section.3}% 18
\BOOKMARK [2][-]{subsection.3.10}{\376\377\000i\000E\000F\000M\000\040\000a\000n\000d\000\040\000E\000W\000F\000M\000\040\040\024\000\040\000e\000n\000e\000r\000g\000y\000-\000s\000u\000p\000e\000r\000v\000i\000s\000e\000d\000\040\000f\000l\000o\000w\000\040\000m\000a\000t\000c\000h\000i\000n\000g}{section.3}% 19
\BOOKMARK [2][-]{subsection.3.11}{\376\377\000T\000B\000G\000\040\040\024\000\040\000T\000r\000a\000n\000s\000f\000e\000r\000a\000b\000l\000e\000\040\000B\000o\000l\000t\000z\000m\000a\000n\000n\000\040\000G\000e\000n\000e\000r\000a\000t\000o\000r\000s\000\040\000\050\000K\000l\000e\000i\000n\000,\000\040\000K\000r\000\344\000m\000e\000r\000,\000\040\000N\000o\000\351\000\040\0002\0000\0002\0004\000\051}{section.3}% 20
\BOOKMARK [2][-]{subsection.3.12}{\376\377\000T\000A\000-\000B\000G\000\040\040\024\000\040\000T\000e\000m\000p\000e\000r\000a\000t\000u\000r\000e\000-\000A\000n\000n\000e\000a\000l\000e\000d\000\040\000B\000G\000\040\000\050\000S\000c\000h\000o\000p\000m\000a\000n\000s\000,\000\040\000F\000r\000i\000e\000d\000e\000r\000i\000c\000h\000\040\0002\0000\0002\0005\000\051}{section.3}% 21
\BOOKMARK [2][-]{subsection.3.13}{\376\377\000S\000B\000G\000\040\040\024\000\040\000S\000e\000q\000u\000e\000n\000t\000i\000a\000l\000\040\000B\000o\000l\000t\000z\000m\000a\000n\000n\000\040\000G\000e\000n\000e\000r\000a\000t\000o\000r\000s\000\040\000\050\000T\000a\000n\000\040\000e\000t\000\040\000a\000l\000.\000\040\0002\0000\0002\0005\000\051}{section.3}% 22
\BOOKMARK [2][-]{subsection.3.14}{\376\377\000C\000M\000T\000\040\040\024\000\040\000C\000o\000n\000s\000t\000r\000a\000i\000n\000e\000d\000\040\000M\000a\000s\000s\000\040\000T\000r\000a\000n\000s\000p\000o\000r\000t\000\040\000\050\000B\000l\000e\000s\000s\000i\000n\000g\000\040\000e\000t\000\040\000a\000l\000.\000\040\0002\0000\0002\0005\000\051}{section.3}% 23
\BOOKMARK [1][-]{section.4}{\376\377\000C\000a\000m\000p\000\040\000B\000\040\040\024\000\040\000p\000h\000y\000s\000i\000c\000s\000-\000i\000n\000f\000o\000r\000m\000e\000d\000\040\000/\000\040\000t\000u\000n\000e\000d\000\040\000p\000r\000i\000o\000r}{}% 24
\BOOKMARK [2][-]{subsection.4.1}{\376\377\000L\000a\000t\000t\000i\000c\000e\000-\000G\000a\000u\000s\000s\000i\000a\000n\000\040\000p\000r\000i\000o\000r\000s\000\040\000f\000o\000r\000\040\000c\000r\000y\000s\000t\000a\000l\000s\000\040\000\050\000W\000i\000r\000n\000s\000b\000e\000r\000g\000e\000r\000\040\000e\000t\000\040\000a\000l\000.\000\040\0002\0000\0002\0002\000\051}{section.4}% 25
\BOOKMARK [2][-]{subsection.4.2}{\376\377\000H\000i\000g\000h\000e\000r\000-\000t\000e\000m\000p\000e\000r\000a\000t\000u\000r\000e\000\040\000r\000e\000f\000e\000r\000e\000n\000c\000e\000\040\000p\000r\000i\000o\000r\000s\000\040\000\050\000C\000o\000r\000e\000t\000t\000i\000\040\000e\000t\000\040\000a\000l\000.\000,\000\040\000s\000u\000r\000v\000e\000y\000e\000d\000\040\0002\0000\0002\0004\000\051}{section.4}% 26
\BOOKMARK [2][-]{subsection.4.3}{\376\377\000C\000o\000n\000d\000i\000t\000i\000o\000n\000a\000l\000\040\000/\000\040\000p\000h\000a\000s\000e\000-\000d\000i\000a\000g\000r\000a\000m\000\040\000B\000G\000s\000\040\000\050\000S\000c\000h\000e\000b\000e\000k\000\040\000e\000t\000\040\000a\000l\000.\000\040\0002\0000\0002\0004\000\051}{section.4}% 27
\BOOKMARK [2][-]{subsection.4.4}{\376\377\000S\000t\000r\000u\000c\000t\000u\000r\000e\000d\000-\000C\000G\000\040\000l\000a\000t\000e\000n\000t\000\040\000p\000r\000i\000o\000r\000s\000\040\000\050\000S\000c\000h\000i\000e\000b\000r\000o\000e\000k\000\040\000\046\000\040\000K\000o\000e\000h\000n\000\040\0002\0000\0002\0005\000\051}{section.4}% 28
\BOOKMARK [2][-]{subsection.4.5}{\376\377\000V\000A\000E\000-\000s\000i\000d\000e\000\040\000p\000r\000e\000c\000e\000d\000e\000n\000t\000s\000:\000\040\000V\000a\000m\000p\000P\000r\000i\000o\000r\000\040\000a\000n\000d\000\040\000L\000A\000R\000S}{section.4}% 29
\BOOKMARK [2][-]{subsection.4.6}{\376\377\000W\000h\000y\000\040\000C\000a\000m\000p\000\040\000B\000\040\000i\000s\000\040\000s\000m\000a\000l\000l\000\040\000i\000n\000\040\0002\0000\0002\0004\040\023\0002\0000\0002\0006}{section.4}% 30
\BOOKMARK [1][-]{section.5}{\376\377\000D\000i\000f\000f\000i\000c\000u\000l\000t\000i\000e\000s\000\040\000o\000f\000\040\000e\000a\000c\000h\000\040\000c\000a\000m\000p}{}% 31
\BOOKMARK [2][-]{subsection.5.1}{\376\377\000C\000a\000m\000p\000\040\000A\000\040\000d\000i\000f\000f\000i\000c\000u\000l\000t\000i\000e\000s}{section.5}% 32
\BOOKMARK [2][-]{subsection.5.2}{\376\377\000C\000a\000m\000p\000\040\000B\000\040\000d\000i\000f\000f\000i\000c\000u\000l\000t\000i\000e\000s}{section.5}% 33
\BOOKMARK [1][-]{section.6}{\376\377\000C\000o\000d\000e\000-\000l\000e\000v\000e\000l\000\040\000i\000n\000v\000e\000n\000t\000o\000r\000y}{}% 34
\BOOKMARK [1][-]{section.7}{\376\377\000F\000i\000e\000l\000d\000\040\000l\000a\000n\000d\000s\000c\000a\000p\000e\000\040\040\024\000\040\000a\000d\000j\000a\000c\000e\000n\000t\000\040\000c\000o\000m\000m\000u\000n\000i\000t\000i\000e\000s\000,\000\040\000n\000o\000n\000-\000f\000l\000o\000w\000\040\000s\000a\000m\000p\000l\000e\000r\000s\000,\000\040\000s\000h\000a\000r\000e\000d\000\040\000t\000r\000i\000c\000k\000s}{}% 35
\BOOKMARK [1][-]{section.8}{\376\377\000C\000o\000m\000p\000a\000r\000a\000t\000i\000v\000e\000\040\000n\000u\000m\000e\000r\000i\000c\000a\000l\000\040\000r\000e\000s\000u\000l\000t\000s}{}% 36
\BOOKMARK [1][-]{section.9}{\376\377\000T\000h\000e\000\040\000t\000h\000i\000r\000d\000\040\000w\000a\000y\000\040\040\024\000\040\000f\000o\000r\000m\000a\000l\000\040\000m\000a\000t\000h\000e\000m\000a\000t\000i\000c\000a\000l\000\040\000a\000n\000a\000l\000y\000s\000i\000s}{}% 37
\BOOKMARK [2][-]{subsection.9.1}{\376\377\000T\000h\000e\000\040\000X\000\040\000f\000u\000n\000c\000t\000i\000o\000n\000a\000l}{section.9}% 38
\BOOKMARK [2][-]{subsection.9.2}{\376\377\000X\000\040\000a\000n\000d\000\040\000t\000h\000e\000\040\000a\000u\000t\000o\000g\000r\000a\000d\000-\000r\000e\000u\000s\000e\000\040\000t\000r\000i\000c\000k}{section.9}% 39
\BOOKMARK [2][-]{subsection.9.3}{\376\377\000T\000r\000i\000n\000i\000t\000y\000\040\000a\000l\000g\000o\000r\000i\000t\000h\000m\000\040\000f\000o\000r\000\040}{section.9}% 40
\BOOKMARK [2][-]{subsection.9.4}{\376\377\000F\000u\000l\000l\000\040\000t\000r\000a\000i\000n\000i\000n\000g\000\040\000l\000o\000s\000s}{section.9}% 41
\BOOKMARK [2][-]{subsection.9.5}{\376\377\000W\000h\000y\000\040\000t\000h\000i\000s\000\040\000b\000e\000a\000t\000s\000\040\000e\000a\000c\000h\000\040\000c\000a\000m\000p}{section.9}% 42
\BOOKMARK [1][-]{section.10}{\376\377\000P\000a\000r\000a\000m\000e\000t\000e\000r\000i\000s\000a\000t\000i\000o\000n\000\040\040\024\000\040\000f\000l\000o\000w\000\040\000a\000r\000c\000h\000i\000t\000e\000c\000t\000u\000r\000e\000\040\000a\000n\000d\000\040\000i\000t\000s\000\040\000d\000i\000r\000e\000c\000t\000i\000o\000n\000\040\000a\000s\000y\000m\000m\000e\000t\000r\000i\000e\000s}{}% 43
\BOOKMARK [2][-]{subsection.10.1}{\376\377\000F\000o\000u\000r\000\040\000f\000l\000o\000w\000\040\000a\000r\000c\000h\000i\000t\000e\000c\000t\000u\000r\000e\000\040\000f\000a\000m\000i\000l\000i\000e\000s}{section.10}% 44
\BOOKMARK [2][-]{subsection.10.2}{\376\377\000D\000i\000r\000e\000c\000t\000i\000o\000n\000-\000l\000o\000s\000s\000\040\000c\000o\000u\000p\000l\000i\000n\000g}{section.10}% 45
\BOOKMARK [1][-]{section.11}{\376\377\000D\000i\000r\000e\000c\000t\000i\000o\000n\000\040\000\040\000c\000a\000m\000p\000\040\000i\000n\000t\000e\000r\000a\000c\000t\000i\000o\000n\000\040\040\024\000\040\000a\000\040\000c\000r\000i\000t\000i\000c\000a\000l\000\040\000s\000y\000n\000t\000h\000e\000s\000i\000s}{}% 46
\BOOKMARK [2][-]{subsection.11.1}{\376\377\000R\000e\000v\000e\000r\000s\000e\000\040\000K\000L\000\040\000w\000i\000t\000h\000\040\000a\000\040\000t\000u\000n\000e\000d\000\040\000p\000r\000i\000o\000r}{section.11}% 47
\BOOKMARK [2][-]{subsection.11.2}{\376\377\000F\000o\000r\000w\000a\000r\000d\000\040\000K\000L\000\040\000w\000i\000t\000h\000\040\000a\000\040\000t\000u\000n\000e\000d\000\040\000p\000r\000i\000o\000r\000\040\040\024\000\040\000l\000e\000v\000e\000r\000a\000g\000e\000\040\000d\000e\000g\000r\000a\000d\000e\000s}{section.11}% 48
\BOOKMARK [2][-]{subsection.11.3}{\376\377\000F\000A\000B\000\040\000a\000n\000d\000\040\000X\000\040\040\024\000\040\000s\000a\000m\000e\000\040\000a\000n\000a\000l\000y\000s\000i\000s}{section.11}% 49
\BOOKMARK [2][-]{subsection.11.4}{\376\377\000C\000r\000o\000s\000s\000-\000t\000a\000b\000u\000l\000a\000t\000i\000o\000n}{section.11}% 50
\BOOKMARK [2][-]{subsection.11.5}{\376\377\000Q\000u\000a\000n\000t\000i\000t\000a\000t\000i\000v\000e\000\040\000c\000o\000n\000s\000e\000q\000u\000e\000n\000c\000e\000s}{section.11}% 51
\BOOKMARK [2][-]{subsection.11.6}{\376\377\000W\000h\000e\000n\000\040\000C\000a\000m\000p\000\040\000B\000\040\000d\000o\000e\000s\000\040\000w\000i\000n}{section.11}% 52
\BOOKMARK [1][-]{section.12}{\376\377\000S\000t\000e\000e\000l\000m\000a\000n\000n\000i\000n\000g\000\040\000C\000a\000m\000p\000\040\000B}{}% 53
\BOOKMARK [2][-]{subsection.12.1}{\376\377\000T\000h\000e\000\040\000s\000t\000r\000o\000n\000g\000e\000s\000t\000\040\000C\000a\000m\000p\000\040\000B\000\040\000a\000r\000g\000u\000m\000e\000n\000t}{section.12}% 54
\BOOKMARK [2][-]{subsection.12.2}{\376\377\000E\000n\000g\000a\000g\000e\000m\000e\000n\000t}{section.12}% 55
\BOOKMARK [2][-]{subsection.12.3}{\376\377\000W\000h\000e\000r\000e\000\040\000t\000h\000e\000\040\000a\000r\000g\000u\000m\000e\000n\000t\000\040\000r\000e\000m\000a\000i\000n\000s\000\040\000o\000p\000e\000n}{section.12}% 56
\BOOKMARK [1][-]{section.13}{\376\377\000W\000h\000y\000\040\000d\000o\000e\000s\000\040\000a\000\040\000t\000u\000n\000e\000d\000\040\000p\000r\000i\000o\000r\000\040\000h\000a\000v\000e\000\040\000a\000n\000\040\000u\000n\000b\000e\000a\000t\000e\000n\000\040\000p\000r\000e\000c\000i\000s\000i\000o\000n\000\040\000a\000d\000v\000a\000n\000t\000a\000g\000e\000?}{}% 57
\BOOKMARK [2][-]{subsection.13.1}{\376\377\000T\000h\000e\000\040\000a\000r\000g\000u\000m\000e\000n\000t\000\040\000i\000n\000\040\000t\000h\000r\000e\000e\000\040\000c\000l\000a\000i\000m\000s}{section.13}% 58
\BOOKMARK [2][-]{subsection.13.2}{\376\377\000D\000e\000r\000i\000v\000a\000t\000i\000o\000n\000\040\000o\000f\000\040\000C\000l\000a\000i\000m\000\040\0001\000:\000\040\000t\000h\000e\000\040\000I\000S\000\040\000v\000a\000r\000i\000a\000n\000c\000e\000\040\000f\000o\000r\000m\000u\000l\000a}{section.13}% 59
\BOOKMARK [2][-]{subsection.13.3}{\376\377\000D\000e\000r\000i\000v\000a\000t\000i\000o\000n\000\040\000o\000f\000\040\000C\000l\000a\000i\000m\000s\000\040\0002\000\040\000a\000n\000d\000\040\0003\000:\000\040\000h\000o\000w\000\040\0002\000\040\000s\000c\000a\000l\000e\000s\000\040\000w\000i\000t\000h\000\040\000d\000\040\000a\000n\000d\000\040\000p\000r\000i\000o\000r\000\040\000c\000h\000o\000i\000c\000e}{section.13}% 60
\BOOKMARK [2][-]{subsection.13.4}{\376\377\000W\000h\000y\000\040\000F\000A\000B\000\040\000a\000n\000d\000\040\000t\000h\000e\000\040\000X\000\040\000f\000u\000n\000c\000t\000i\000o\000n\000a\000l\000\040\000d\000o\000\040\000n\000o\000t\000\040\000c\000l\000o\000s\000e\000\040\000t\000h\000i\000s\000\040\000g\000a\000p}{section.13}% 61
\BOOKMARK [2][-]{subsection.13.5}{\376\377\000E\000m\000p\000i\000r\000i\000c\000a\000l\000\040\000v\000e\000r\000i\000f\000i\000c\000a\000t\000i\000o\000n}{section.13}% 62
\BOOKMARK [2][-]{subsection.13.6}{\376\377\000T\000h\000e\000\040\000v\000e\000r\000d\000i\000c\000t\000\040\000o\000n\000\040\000Q\0001}{section.13}% 63
\BOOKMARK [1][-]{section.14}{\376\377\000R\000e\000b\000u\000t\000t\000a\000l\000:\000\040\000c\000a\000n\000\040\000a\000\040\000w\000i\000d\000e\000-\000v\000a\000r\000i\000a\000n\000c\000e\000\040\000G\000a\000u\000s\000s\000i\000a\000n\000\040\000p\000r\000i\000o\000r\000\040\000s\000o\000l\000v\000e\000\040\000m\000o\000d\000e\000\040\000c\000o\000l\000l\000a\000p\000s\000e\000?}{}% 64
\BOOKMARK [2][-]{subsection.14.1}{\376\377\000F\000a\000i\000l\000u\000r\000e\000\040\0001\000:\000\040\000a\000\040\000w\000i\000d\000e\000\040\000G\000a\000u\000s\000s\000i\000a\000n\000\040\000i\000s\000\040\000s\000t\000i\000l\000l\000\040\000t\000o\000p\000o\000l\000o\000g\000i\000c\000a\000l\000l\000y\000\040\000t\000r\000i\000v\000i\000a\000l}{section.14}% 65
\BOOKMARK [2][-]{subsection.14.2}{\376\377\000F\000a\000i\000l\000u\000r\000e\000\040\0002\000:\000\040\000c\000o\000n\000c\000e\000n\000t\000r\000a\000t\000i\000o\000n\000\040\000o\000f\000\040\000m\000e\000a\000s\000u\000r\000e\000\040\040\024\000\040\000w\000i\000d\000e\000\040\000G\000a\000u\000s\000s\000i\000a\000n\000\040\000s\000a\000m\000p\000l\000e\000s\000\040\000c\000o\000n\000c\000e\000n\000t\000r\000a\000t\000e\000\040\000o\000n\000\040\000a\000\040\000t\000h\000i\000n\000\040\000s\000h\000e\000l\000l}{section.14}% 66
\BOOKMARK [2][-]{subsection.14.3}{\376\377\000F\000a\000i\000l\000u\000r\000e\000\040\0003\000:\000\040\000i\000m\000p\000o\000r\000t\000a\000n\000c\000e\000\040\000w\000e\000i\000g\000h\000t\000s\000\040\000d\000e\000g\000e\000n\000e\000r\000a\000t\000e\000\040\000a\000t\000\040\000w\000i\000d\000e\000\040}{section.14}% 67
\BOOKMARK [2][-]{subsection.14.4}{\376\377\000F\000a\000i\000l\000u\000r\000e\000\040\0004\000:\000\040\000r\000e\000v\000e\000r\000s\000e\000-\000K\000L\000\040\000g\000r\000a\000d\000i\000e\000n\000t\000\040\000s\000i\000g\000n\000a\000l\000\040\000i\000s\000\040\000i\000n\000d\000e\000p\000e\000n\000d\000e\000n\000t\000\040\000o\000f\000\040}{section.14}% 68
\BOOKMARK [2][-]{subsection.14.5}{\376\377\000T\000h\000e\000\040\000d\000i\000f\000f\000u\000s\000i\000o\000n\000\040\000v\000a\000r\000i\000a\000n\000t\000:\000\040\000w\000i\000d\000e\000\040\000t\000e\000r\000m\000i\000n\000a\000l\000\040\000n\000o\000i\000s\000e\000\040\000d\000o\000e\000s\000\040\000n\000o\000t\000\040\000h\000e\000l\000p\000\040\000e\000i\000t\000h\000e\000r}{section.14}% 69
\BOOKMARK [2][-]{subsection.14.6}{\376\377\000W\000h\000y\000\040\000t\000h\000e\000\040\000w\000i\000d\000e\000-\000G\000a\000u\000s\000s\000i\000a\000n\000\040\000i\000n\000t\000u\000i\000t\000i\000o\000n\000\040\000i\000s\000\040\000a\000p\000p\000e\000a\000l\000i\000n\000g\000\040\000b\000u\000t\000\040\000w\000r\000o\000n\000g}{section.14}% 70
\BOOKMARK [2][-]{subsection.14.7}{\376\377\000T\000h\000e\000\040\000v\000e\000r\000d\000i\000c\000t\000\040\000o\000n\000\040\000Q\0002}{section.14}% 71
\BOOKMARK [1][-]{section.15}{\376\377\000I\000l\000l\000u\000s\000t\000r\000a\000t\000i\000v\000e\000\040\000f\000i\000g\000u\000r\000e\000s}{}% 72
\BOOKMARK [1][-]{section.16}{\376\377\000A\000d\000a\000p\000t\000i\000v\000e\000\040\000t\000u\000n\000e\000d\000\040\000p\000r\000i\000o\000r\000s\000\040\040\024\000\040\000a\000d\000v\000a\000n\000t\000a\000g\000e\000,\000\040\000r\000e\000q\000u\000i\000r\000e\000m\000e\000n\000t\000s\000,\000\040\000a\000n\000d\000\040\000w\000h\000e\000r\000e\000\040\000t\000h\000e\000\040\000r\000o\000u\000t\000e\000s\000\040\000b\000r\000e\000a\000k}{}% 73
\BOOKMARK [2][-]{subsection.16.1}{\376\377\000T\000h\000e\000\040\000c\000o\000n\000c\000e\000p\000t\000u\000a\000l\000\040\000a\000d\000v\000a\000n\000t\000a\000g\000e\000\040\000o\000f\000\040\000a\000n\000\040\000a\000d\000a\000p\000t\000i\000v\000e\000\040\000p\000r\000i\000o\000r}{section.16}% 74
\BOOKMARK [2][-]{subsection.16.2}{\376\377\000S\000i\000x\000\040\000r\000e\000q\000u\000i\000r\000e\000m\000e\000n\000t\000s\000\040\000a\000n\000\040\000a\000d\000a\000p\000t\000i\000v\000e\000\040\000p\000r\000i\000o\000r\000\040\000m\000u\000s\000t\000\040\000s\000a\000t\000i\000s\000f\000y}{section.16}% 75
\BOOKMARK [2][-]{subsection.16.3}{\376\377\000R\000o\000u\000t\000e\000\040\000A\000\040\040\024\000\040\000o\000n\000l\000i\000n\000e\000-\000l\000e\000a\000r\000n\000e\000d\000\040\000m\000i\000x\000t\000u\000r\000e\000\040\000w\000i\000t\000h\000\040\000e\000x\000t\000e\000r\000n\000a\000l\000\040\000m\000o\000d\000e\000\040\000f\000i\000n\000d\000e\000r}{section.16}% 76
\BOOKMARK [2][-]{subsection.16.4}{\376\377\000R\000o\000u\000t\000e\000\040\000B\000\040\040\024\000\040\000d\000e\000f\000e\000n\000s\000i\000v\000e\000\040\000m\000i\000x\000t\000u\000r\000e\000\040\000w\000i\000t\000h\000\040\000G\000a\000u\000s\000s\000i\000a\000n\000\040\000l\000o\000n\000g\000\040\000t\000a\000i\000l}{section.16}% 77
\BOOKMARK [2][-]{subsection.16.5}{\376\377\000R\000o\000u\000t\000e\000\040\000C\000\040\040\024\000\040\000t\000e\000m\000p\000e\000r\000e\000d\000\040\000m\000i\000x\000t\000u\000r\000e\000\040\000\050\000h\000i\000g\000h\000-\000T\000\040\000s\000a\000m\000p\000l\000e\000s\000\040\000a\000s\000\040\000K\000D\000E\000\040\000p\000r\000i\000o\000r\000\051}{section.16}% 78
\BOOKMARK [2][-]{subsection.16.6}{\376\377\000R\000o\000u\000t\000e\000\040\000D\000\040\040\024\000\040\000c\000u\000r\000r\000i\000c\000u\000l\000u\000m\000\040\000p\000r\000i\000o\000r\000\040\000\050\000G\000a\000u\000s\000s\000i\000a\000n\000\040\000t\000o\000\040\000m\000i\000x\000t\000u\000r\000e\000\051}{section.16}% 79
\BOOKMARK [2][-]{subsection.16.7}{\376\377\000R\000o\000u\000t\000e\000\040\000E\000\040\040\024\000\040\000s\000c\000o\000r\000e\000-\000b\000a\000s\000e\000d\000\040\000b\000i\000a\000s\000\040\000o\000n\000\040\000a\000\040\000G\000a\000u\000s\000s\000i\000a\000n\000\040\000p\000r\000i\000o\000r}{section.16}% 80
\BOOKMARK [2][-]{subsection.16.8}{\376\377\000H\000o\000n\000e\000s\000t\000\040\000a\000s\000s\000e\000s\000s\000m\000e\000n\000t}{section.16}% 81
\BOOKMARK [1][-]{section.17}{\376\377\000M\000e\000t\000h\000o\000d\000\040\000c\000o\000m\000p\000a\000r\000i\000s\000o\000n\000\040\000a\000n\000d\000\040\000a\000p\000p\000l\000i\000c\000a\000t\000i\000o\000n\000s}{}% 82
\BOOKMARK [1][-]{section.18}{\376\377\000T\000h\000e\000\040\000p\000r\000i\000o\000r\000\040\000\040\000l\000o\000s\000s\000\040\000d\000e\000s\000i\000g\000n\000\040\000m\000a\000t\000r\000i\000x\000\040\040\024\000\040\000s\000y\000n\000t\000h\000e\000s\000i\000s}{}% 83
\BOOKMARK [1][-]{section.19}{\376\377\000S\000t\000u\000d\000y\000\040\000s\000t\000a\000t\000u\000s\000\040\000a\000n\000d\000\040\000e\000x\000p\000e\000c\000t\000e\000d\000\040\000d\000i\000r\000e\000c\000t\000i\000o\000n\000s\000\040\000f\000o\000r\000\040\000t\000h\000e\000\040\000c\000u\000r\000r\000e\000n\000t\000\040\000p\000r\000o\000j\000e\000c\000t}{}% 84
\BOOKMARK [2][-]{subsection.19.1}{\376\377\000W\000h\000a\000t\000\040\000i\000s\000\040\000i\000n\000\040\000p\000l\000a\000c\000e\000\040\000t\000o\000d\000a\000y}{section.19}% 85
\BOOKMARK [2][-]{subsection.19.2}{\376\377\000W\000h\000a\000t\000\040\000i\000s\000\040\000m\000o\000s\000t\000\040\000m\000i\000s\000s\000i\000n\000g}{section.19}% 86
\BOOKMARK [2][-]{subsection.19.3}{\376\377\000T\000h\000e\000o\000r\000e\000t\000i\000c\000a\000l\000\040\000e\000x\000t\000e\000n\000s\000i\000o\000n\000s\000\040\000w\000o\000r\000t\000h\000\040\000p\000u\000r\000s\000u\000i\000n\000g}{section.19}% 87
\BOOKMARK [2][-]{subsection.19.4}{\376\377\000E\000n\000g\000i\000n\000e\000e\000r\000i\000n\000g\000\040\000/\000\040\000r\000e\000p\000r\000o\000d\000u\000c\000i\000b\000i\000l\000i\000t\000y\000\040\000r\000o\000a\000d\000m\000a\000p}{section.19}% 88
\BOOKMARK [2][-]{subsection.19.5}{\376\377\000S\000t\000r\000a\000t\000e\000g\000i\000c\000\040\000p\000o\000s\000i\000t\000i\000o\000n\000i\000n\000g}{section.19}% 89
\BOOKMARK [1][-]{section.20}{\376\377\000C\000o\000n\000c\000l\000u\000s\000i\000o\000n}{}% 90
\BOOKMARK [1][-]{appendix.A}{\376\377\000F\000o\000r\000m\000a\000l\000\040\000p\000r\000o\000o\000f\000s}{}% 91
\BOOKMARK [2][-]{subsection.A.1}{\376\377\000P\000r\000o\000o\000f\000\040\000o\000f\000\040\000P\000r\000o\000p\000o\000s\000i\000t\000i\000o\000n\000\040\0001}{appendix.A}% 92
\BOOKMARK [2][-]{subsection.A.2}{\376\377\000P\000r\000o\000o\000f\000\040\000o\000f\000\040\000P\000r\000o\000p\000o\000s\000i\000t\000i\000o\000n\000\040\0002}{appendix.A}% 93
\BOOKMARK [2][-]{subsection.A.3}{\376\377\000P\000r\000o\000o\000f\000\040\000o\000f\000\040\000P\000r\000o\000p\000o\000s\000i\000t\000i\000o\000n\000\040\0001}{appendix.A}% 94
\BOOKMARK [2][-]{subsection.A.4}{\376\377\000P\000r\000o\000o\000f\000\040\000o\000f\000\040\000P\000r\000o\000p\000o\000s\000i\000t\000i\000o\000n\000\040\0001}{appendix.A}% 95
\BOOKMARK [1][-]{appendix.B}{\376\377\000E\000m\000p\000i\000r\000i\000c\000a\000l\000\040\000r\000e\000c\000r\000e\000a\000t\000i\000o\000n\000s\000\040\000o\000n\000\040\000a\000\040\0002\000D\000\040\000b\000e\000n\000c\000h\000m\000a\000r\000k}{}% 96
\BOOKMARK [2][-]{subsection.B.1}{\376\377\000S\000e\000t\000u\000p}{appendix.B}% 97
\BOOKMARK [2][-]{subsection.B.2}{\376\377\000R\000e\000s\000u\000l\000t\000s\000\040\000\050\000f\000r\000o\000m\000\040\0002\000D\000\137\000B\000e\000n\000c\000h\000m\000a\000r\000k\000/\000\040\000i\000n\000\040\000t\000h\000e\000\040\000r\000e\000p\000o\000\051}{appendix.B}% 98
\BOOKMARK [2][-]{subsection.B.3}{\376\377\000L\000i\000m\000i\000t\000a\000t\000i\000o\000n\000s}{appendix.B}% 99
\BOOKMARK [1][-]{appendix.C}{\376\377\000K\000e\000y\000\040\000r\000e\000f\000e\000r\000e\000n\000c\000e\000s}{}% 100
