[2026-05-30 14:16:33] ##### RUN START steps=2000 device=cuda tag=(full) #####
[2026-05-30 14:16:34] targets built: n=3 nmodes=6  ||theta*||=7.071  U(modes)=[24.97, 24.97, 24.97, 24.97, 24.97, 24.97]
[2026-05-30 14:16:36] QT pool 600 samples in 2.4s  modes_found=6/6  occ=[0.157, 0.178, 0.14, 0.18, 0.163, 0.182]
[2026-05-30 14:16:36] === train KL ===
[2026-05-30 14:16:38] KL                 step     1/2000    0.1%  loss=-4.343e+01  ess=0.002  elapsed=   1.4s
[2026-05-30 14:16:38] KL                 step    20/2000    1.0%  loss=-3.169e+01  ess=0.019  elapsed=   1.9s
[2026-05-30 14:16:39] KL                 step    40/2000    2.0%  loss=-2.515e+01  ess=0.014  elapsed=   2.4s
[2026-05-30 14:16:39] KL                 step    60/2000    3.0%  loss=-2.773e+01  ess=0.255  elapsed=   2.9s
[2026-05-30 14:16:40] KL                 step    80/2000    4.0%  loss=-2.830e+01  ess=0.503  elapsed=   3.4s
[2026-05-30 14:16:41] KL                 step   100/2000    5.0%  loss=-2.659e+01  ess=0.114  elapsed=   3.9s
[2026-05-30 14:16:41] KL                 step   120/2000    6.0%  loss=-2.699e+01  ess=0.099  elapsed=   4.4s
[2026-05-30 14:16:42] KL                 step   140/2000    7.0%  loss=-2.745e+01  ess=0.372  elapsed=   5.0s
[2026-05-30 14:16:42] KL                 step   160/2000    8.0%  loss=-2.765e+01  ess=0.533  elapsed=   5.5s
[2026-05-30 14:16:43] KL                 step   180/2000    9.0%  loss=-2.780e+01  ess=0.679  elapsed=   6.0s
[2026-05-30 14:16:43] KL                 step   200/2000   10.0%  loss=-2.788e+01  ess=0.730  elapsed=   6.6s
[2026-05-30 14:16:44] KL                 step   220/2000   11.0%  loss=-2.792e+01  ess=0.778  elapsed=   7.1s
[2026-05-30 14:16:44] KL                 step   240/2000   12.0%  loss=-2.790e+01  ess=0.624  elapsed=   7.7s
[2026-05-30 14:16:45] KL                 step   260/2000   13.0%  loss=-2.787e+01  ess=0.746  elapsed=   8.3s
[2026-05-30 14:16:46] KL                 step   280/2000   14.0%  loss=-2.801e+01  ess=0.867  elapsed=   8.9s
[2026-05-30 14:16:46] KL                 step   300/2000   15.0%  loss=-2.805e+01  ess=0.898  elapsed=   9.5s
[2026-05-30 14:16:47] KL                 step   320/2000   16.0%  loss=-2.804e+01  ess=0.907  elapsed=  10.1s
[2026-05-30 14:16:47] KL                 step   340/2000   17.0%  loss=-2.803e+01  ess=0.879  elapsed=  10.7s
[2026-05-30 14:16:48] KL                 step   360/2000   18.0%  loss=-2.801e+01  ess=0.812  elapsed=  11.3s
[2026-05-30 14:16:48] KL                 step   380/2000   19.0%  loss=-2.805e+01  ess=0.886  elapsed=  11.8s
[2026-05-30 14:16:49] KL                 step   400/2000   20.0%  loss=-2.803e+01  ess=0.878  elapsed=  12.4s
[2026-05-30 14:16:49] KL                 step   420/2000   21.0%  loss=-2.804e+01  ess=0.893  elapsed=  12.9s
[2026-05-30 14:16:50] KL                 step   440/2000   22.0%  loss=-2.798e+01  ess=0.802  elapsed=  13.4s
[2026-05-30 14:16:51] KL                 step   460/2000   23.0%  loss=-2.802e+01  ess=0.921  elapsed=  14.0s
[2026-05-30 14:16:51] KL                 step   480/2000   24.0%  loss=-2.806e+01  ess=0.927  elapsed=  14.6s
[2026-05-30 14:16:52] KL                 step   500/2000   25.0%  loss=-2.809e+01  ess=0.921  elapsed=  15.2s
[2026-05-30 14:16:52] KL                 step   520/2000   26.0%  loss=-2.803e+01  ess=0.881  elapsed=  15.8s
[2026-05-30 14:16:53] KL                 step   540/2000   27.0%  loss=-2.809e+01  ess=0.934  elapsed=  16.3s
[2026-05-30 14:16:53] KL                 step   560/2000   28.0%  loss=-2.809e+01  ess=0.941  elapsed=  16.9s
[2026-05-30 14:16:54] KL                 step   580/2000   29.0%  loss=-2.807e+01  ess=0.947  elapsed=  17.4s
[2026-05-30 14:16:54] KL                 step   600/2000   30.0%  loss=-2.803e+01  ess=0.922  elapsed=  17.9s
[2026-05-30 14:16:55] KL                 step   620/2000   31.0%  loss=-2.808e+01  ess=0.906  elapsed=  18.4s
[2026-05-30 14:16:56] KL                 step   640/2000   32.0%  loss=-2.805e+01  ess=0.913  elapsed=  19.0s
[2026-05-30 14:16:56] KL                 step   660/2000   33.0%  loss=-2.803e+01  ess=0.821  elapsed=  19.5s
[2026-05-30 14:16:57] KL                 step   680/2000   34.0%  loss=-2.803e+01  ess=0.870  elapsed=  20.0s
[2026-05-30 14:16:57] KL                 step   700/2000   35.0%  loss=-2.810e+01  ess=0.935  elapsed=  20.6s
[2026-05-30 14:16:58] KL                 step   720/2000   36.0%  loss=-2.805e+01  ess=0.901  elapsed=  21.1s
[2026-05-30 14:16:58] KL                 step   740/2000   37.0%  loss=-2.806e+01  ess=0.857  elapsed=  21.7s
[2026-05-30 14:16:59] KL                 step   760/2000   38.0%  loss=-2.806e+01  ess=0.893  elapsed=  22.3s
[2026-05-30 14:16:59] KL                 step   780/2000   39.0%  loss=-2.808e+01  ess=0.942  elapsed=  22.9s
[2026-05-30 14:17:00] KL                 step   800/2000   40.0%  loss=-2.806e+01  ess=0.897  elapsed=  23.4s
[2026-05-30 14:17:01] KL                 step   820/2000   41.0%  loss=-2.808e+01  ess=0.957  elapsed=  24.1s
[2026-05-30 14:17:01] KL                 step   840/2000   42.0%  loss=-2.803e+01  ess=0.841  elapsed=  24.7s
[2026-05-30 14:17:02] KL                 step   860/2000   43.0%  loss=-2.802e+01  ess=0.846  elapsed=  25.2s
[2026-05-30 14:17:02] KL                 step   880/2000   44.0%  loss=-2.804e+01  ess=0.875  elapsed=  25.8s
[2026-05-30 14:17:03] KL                 step   900/2000   45.0%  loss=-2.800e+01  ess=0.887  elapsed=  26.4s
[2026-05-30 14:17:04] KL                 step   920/2000   46.0%  loss=-2.809e+01  ess=0.937  elapsed=  27.0s
[2026-05-30 14:17:04] KL                 step   940/2000   47.0%  loss=-2.807e+01  ess=0.919  elapsed=  27.6s
[2026-05-30 14:17:05] KL                 step   960/2000   48.0%  loss=-2.807e+01  ess=0.912  elapsed=  28.1s
[2026-05-30 14:17:05] KL                 step   980/2000   49.0%  loss=-2.807e+01  ess=0.941  elapsed=  28.7s
[2026-05-30 14:17:06] KL                 step  1000/2000   50.0%  loss=-2.807e+01  ess=0.951  elapsed=  29.3s
[2026-05-30 14:17:06] KL                 step  1020/2000   51.0%  loss=-2.802e+01  ess=0.860  elapsed=  29.8s
[2026-05-30 14:17:07] KL                 step  1040/2000   52.0%  loss=-2.804e+01  ess=0.886  elapsed=  30.4s
[2026-05-30 14:17:08] KL                 step  1060/2000   53.0%  loss=-2.800e+01  ess=0.808  elapsed=  30.9s
[2026-05-30 14:17:08] KL                 step  1080/2000   54.0%  loss=-2.809e+01  ess=0.948  elapsed=  31.5s
[2026-05-30 14:17:09] KL                 step  1100/2000   55.0%  loss=-2.809e+01  ess=0.940  elapsed=  32.0s
[2026-05-30 14:17:09] KL                 step  1120/2000   56.0%  loss=-2.805e+01  ess=0.887  elapsed=  32.5s
[2026-05-30 14:17:10] KL                 step  1140/2000   57.0%  loss=-2.807e+01  ess=0.925  elapsed=  33.1s
[2026-05-30 14:17:10] KL                 step  1160/2000   58.0%  loss=-2.806e+01  ess=0.883  elapsed=  33.6s
[2026-05-30 14:17:11] KL                 step  1180/2000   59.0%  loss=-2.809e+01  ess=0.957  elapsed=  34.2s
[2026-05-30 14:17:11] KL                 step  1200/2000   60.0%  loss=-2.810e+01  ess=0.961  elapsed=  34.7s
[2026-05-30 14:17:12] KL                 step  1220/2000   61.0%  loss=-2.808e+01  ess=0.936  elapsed=  35.3s
[2026-05-30 14:17:12] KL                 step  1240/2000   62.0%  loss=-2.810e+01  ess=0.953  elapsed=  35.8s
[2026-05-30 14:17:13] KL                 step  1260/2000   63.0%  loss=-2.809e+01  ess=0.932  elapsed=  36.3s
[2026-05-30 14:17:13] KL                 step  1280/2000   64.0%  loss=-2.809e+01  ess=0.925  elapsed=  36.9s
[2026-05-30 14:17:14] KL                 step  1300/2000   65.0%  loss=-2.807e+01  ess=0.943  elapsed=  37.4s
[2026-05-30 14:17:15] KL                 step  1320/2000   66.0%  loss=-2.807e+01  ess=0.941  elapsed=  38.0s
[2026-05-30 14:17:15] KL                 step  1340/2000   67.0%  loss=-2.807e+01  ess=0.916  elapsed=  38.5s
[2026-05-30 14:17:16] KL                 step  1360/2000   68.0%  loss=-2.805e+01  ess=0.888  elapsed=  39.0s
[2026-05-30 14:17:16] KL                 step  1380/2000   69.0%  loss=-2.809e+01  ess=0.956  elapsed=  39.6s
[2026-05-30 14:17:17] KL                 step  1400/2000   70.0%  loss=-2.807e+01  ess=0.923  elapsed=  40.1s
[2026-05-30 14:17:17] KL                 step  1420/2000   71.0%  loss=-2.804e+01  ess=0.878  elapsed=  40.7s
[2026-05-30 14:17:18] KL                 step  1440/2000   72.0%  loss=-2.809e+01  ess=0.928  elapsed=  41.3s
[2026-05-30 14:17:18] KL                 step  1460/2000   73.0%  loss=-2.809e+01  ess=0.952  elapsed=  41.9s
[2026-05-30 14:17:19] KL                 step  1480/2000   74.0%  loss=-2.807e+01  ess=0.881  elapsed=  42.5s
[2026-05-30 14:17:20] KL                 step  1500/2000   75.0%  loss=-2.807e+01  ess=0.952  elapsed=  43.1s
[2026-05-30 14:17:20] KL                 step  1520/2000   76.0%  loss=-2.807e+01  ess=0.906  elapsed=  43.6s
[2026-05-30 14:17:21] KL                 step  1540/2000   77.0%  loss=-2.802e+01  ess=0.844  elapsed=  44.2s
[2026-05-30 14:17:21] KL                 step  1560/2000   78.0%  loss=-2.810e+01  ess=0.971  elapsed=  44.8s
[2026-05-30 14:17:22] KL                 step  1580/2000   79.0%  loss=-2.805e+01  ess=0.895  elapsed=  45.4s
[2026-05-30 14:17:23] KL                 step  1600/2000   80.0%  loss=-2.802e+01  ess=0.879  elapsed=  46.0s
[2026-05-30 14:17:23] KL                 step  1620/2000   81.0%  loss=-2.809e+01  ess=0.956  elapsed=  46.6s
[2026-05-30 14:17:24] KL                 step  1640/2000   82.0%  loss=-2.806e+01  ess=0.885  elapsed=  47.1s
[2026-05-30 14:17:24] KL                 step  1660/2000   83.0%  loss=-2.807e+01  ess=0.959  elapsed=  47.7s
[2026-05-30 14:17:25] KL                 step  1680/2000   84.0%  loss=-2.804e+01  ess=0.822  elapsed=  48.3s
[2026-05-30 14:17:25] KL                 step  1700/2000   85.0%  loss=-2.811e+01  ess=0.911  elapsed=  48.9s
[2026-05-30 14:17:26] KL                 step  1720/2000   86.0%  loss=-2.809e+01  ess=0.954  elapsed=  49.5s
[2026-05-30 14:17:27] KL                 step  1740/2000   87.0%  loss=-2.809e+01  ess=0.944  elapsed=  50.0s
[2026-05-30 14:17:27] KL                 step  1760/2000   88.0%  loss=-2.812e+01  ess=0.966  elapsed=  50.6s
[2026-05-30 14:17:28] KL                 step  1780/2000   89.0%  loss=-2.810e+01  ess=0.951  elapsed=  51.2s
[2026-05-30 14:17:28] KL                 step  1800/2000   90.0%  loss=-2.805e+01  ess=0.932  elapsed=  51.7s
[2026-05-30 14:17:29] KL                 step  1820/2000   91.0%  loss=-2.809e+01  ess=0.913  elapsed=  52.2s
[2026-05-30 14:17:29] KL                 step  1840/2000   92.0%  loss=-2.810e+01  ess=0.953  elapsed=  52.8s
[2026-05-30 14:17:30] KL                 step  1860/2000   93.0%  loss=-2.811e+01  ess=0.972  elapsed=  53.3s
[2026-05-30 14:17:30] KL                 step  1880/2000   94.0%  loss=-2.808e+01  ess=0.935  elapsed=  53.8s
[2026-05-30 14:17:31] KL                 step  1900/2000   95.0%  loss=-2.809e+01  ess=0.960  elapsed=  54.4s
[2026-05-30 14:17:31] KL                 step  1920/2000   96.0%  loss=-2.809e+01  ess=0.957  elapsed=  54.9s
[2026-05-30 14:17:32] KL                 step  1940/2000   97.0%  loss=-2.806e+01  ess=0.921  elapsed=  55.5s
[2026-05-30 14:17:33] KL                 step  1960/2000   98.0%  loss=-2.809e+01  ess=0.939  elapsed=  56.0s
[2026-05-30 14:17:33] KL                 step  1980/2000   99.0%  loss=-2.809e+01  ess=0.953  elapsed=  56.5s
[2026-05-30 14:17:34] KL                 step  2000/2000  100.0%  loss=-2.806e+01  ess=0.913  elapsed=  57.0s
[2026-05-30 14:17:34] KL                 ess=0.9038  modes_found=2/6  knn_cov=0.128  occ=[0.0, 0.496, 0.0, 0.504, 0.0, 0.0]
[2026-05-30 14:17:34] === train KL+X_mu ===
[2026-05-30 14:17:34] KL+X_mu            step     1/2000    0.1%  loss=-4.195e+01  ess=0.002  elapsed=   0.0s
[2026-05-30 14:17:35] KL+X_mu            step    20/2000    1.0%  loss=-2.421e+01  ess=0.033  elapsed=   0.7s
[2026-05-30 14:17:35] KL+X_mu            step    40/2000    2.0%  loss=-2.642e+01  ess=0.134  elapsed=   1.5s
[2026-05-30 14:17:36] KL+X_mu            step    60/2000    3.0%  loss=-2.716e+01  ess=0.385  elapsed=   2.2s
[2026-05-30 14:17:37] KL+X_mu            step    80/2000    4.0%  loss=-2.790e+01  ess=0.540  elapsed=   2.9s
[2026-05-30 14:17:38] KL+X_mu            step   100/2000    5.0%  loss=-2.808e+01  ess=0.654  elapsed=   3.6s
[2026-05-30 14:17:38] KL+X_mu            step   120/2000    6.0%  loss=-2.782e+01  ess=0.573  elapsed=   4.3s
[2026-05-30 14:17:39] KL+X_mu            step   140/2000    7.0%  loss=-2.798e+01  ess=0.677  elapsed=   5.0s
[2026-05-30 14:17:40] KL+X_mu            step   160/2000    8.0%  loss=-2.817e+01  ess=0.740  elapsed=   5.7s
[2026-05-30 14:17:40] KL+X_mu            step   180/2000    9.0%  loss=-2.844e+01  ess=0.826  elapsed=   6.3s
[2026-05-30 14:17:41] KL+X_mu            step   200/2000   10.0%  loss=-2.820e+01  ess=0.781  elapsed=   7.0s
[2026-05-30 14:17:42] KL+X_mu            step   220/2000   11.0%  loss=-2.826e+01  ess=0.769  elapsed=   7.7s
[2026-05-30 14:17:42] KL+X_mu            step   240/2000   12.0%  loss=-2.826e+01  ess=0.750  elapsed=   8.4s
[2026-05-30 14:17:43] KL+X_mu            step   260/2000   13.0%  loss=-2.829e+01  ess=0.796  elapsed=   9.0s
[2026-05-30 14:17:44] KL+X_mu            step   280/2000   14.0%  loss=-2.835e+01  ess=0.800  elapsed=   9.7s
[2026-05-30 14:17:44] KL+X_mu            step   300/2000   15.0%  loss=-2.827e+01  ess=0.788  elapsed=  10.5s
[2026-05-30 14:17:45] KL+X_mu            step   320/2000   16.0%  loss=-2.848e+01  ess=0.861  elapsed=  11.1s
[2026-05-30 14:17:46] KL+X_mu            step   340/2000   17.0%  loss=-2.855e+01  ess=0.914  elapsed=  11.8s
[2026-05-30 14:17:46] KL+X_mu            step   360/2000   18.0%  loss=-2.833e+01  ess=0.826  elapsed=  12.5s
[2026-05-30 14:17:47] KL+X_mu            step   380/2000   19.0%  loss=-2.829e+01  ess=0.848  elapsed=  13.2s
[2026-05-30 14:17:48] KL+X_mu            step   400/2000   20.0%  loss=-2.845e+01  ess=0.899  elapsed=  13.8s
[2026-05-30 14:17:48] KL+X_mu            step   420/2000   21.0%  loss=-2.846e+01  ess=0.870  elapsed=  14.5s
[2026-05-30 14:17:49] KL+X_mu            step   440/2000   22.0%  loss=-2.845e+01  ess=0.881  elapsed=  15.2s
[2026-05-30 14:17:50] KL+X_mu            step   460/2000   23.0%  loss=-2.847e+01  ess=0.890  elapsed=  15.8s
[2026-05-30 14:17:50] KL+X_mu            step   480/2000   24.0%  loss=-2.846e+01  ess=0.891  elapsed=  16.5s
[2026-05-30 14:17:51] KL+X_mu            step   500/2000   25.0%  loss=-2.840e+01  ess=0.882  elapsed=  17.2s
[2026-05-30 14:17:52] KL+X_mu            step   520/2000   26.0%  loss=-2.852e+01  ess=0.911  elapsed=  17.9s
[2026-05-30 14:17:52] KL+X_mu            step   540/2000   27.0%  loss=-2.857e+01  ess=0.927  elapsed=  18.5s
[2026-05-30 14:17:53] KL+X_mu            step   560/2000   28.0%  loss=-2.846e+01  ess=0.919  elapsed=  19.2s
[2026-05-30 14:17:54] KL+X_mu            step   580/2000   29.0%  loss=-2.842e+01  ess=0.896  elapsed=  19.9s
[2026-05-30 14:17:55] KL+X_mu            step   600/2000   30.0%  loss=-2.851e+01  ess=0.905  elapsed=  20.6s
[2026-05-30 14:17:55] KL+X_mu            step   620/2000   31.0%  loss=-2.858e+01  ess=0.929  elapsed=  21.3s
[2026-05-30 14:17:56] KL+X_mu            step   640/2000   32.0%  loss=-2.842e+01  ess=0.868  elapsed=  21.9s
[2026-05-30 14:17:57] KL+X_mu            step   660/2000   33.0%  loss=-2.857e+01  ess=0.924  elapsed=  22.7s
[2026-05-30 14:17:57] KL+X_mu            step   680/2000   34.0%  loss=-2.839e+01  ess=0.880  elapsed=  23.3s
[2026-05-30 14:17:58] KL+X_mu            step   700/2000   35.0%  loss=-2.849e+01  ess=0.907  elapsed=  24.0s
[2026-05-30 14:17:59] KL+X_mu            step   720/2000   36.0%  loss=-2.838e+01  ess=0.874  elapsed=  24.7s
[2026-05-30 14:17:59] KL+X_mu            step   740/2000   37.0%  loss=-2.857e+01  ess=0.944  elapsed=  25.4s
[2026-05-30 14:18:00] KL+X_mu            step   760/2000   38.0%  loss=-2.863e+01  ess=0.952  elapsed=  26.0s
[2026-05-30 14:18:01] KL+X_mu            step   780/2000   39.0%  loss=-2.861e+01  ess=0.961  elapsed=  26.7s
[2026-05-30 14:18:01] KL+X_mu            step   800/2000   40.0%  loss=-2.860e+01  ess=0.952  elapsed=  27.4s
[2026-05-30 14:18:02] KL+X_mu            step   820/2000   41.0%  loss=-2.866e+01  ess=0.970  elapsed=  28.1s
[2026-05-30 14:18:03] KL+X_mu            step   840/2000   42.0%  loss=-2.854e+01  ess=0.927  elapsed=  28.8s
[2026-05-30 14:18:03] KL+X_mu            step   860/2000   43.0%  loss=-2.869e+01  ess=0.951  elapsed=  29.6s
[2026-05-30 14:18:04] KL+X_mu            step   880/2000   44.0%  loss=-2.861e+01  ess=0.940  elapsed=  30.3s
[2026-05-30 14:18:05] KL+X_mu            step   900/2000   45.0%  loss=-2.853e+01  ess=0.934  elapsed=  31.0s
[2026-05-30 14:18:06] KL+X_mu            step   920/2000   46.0%  loss=-2.864e+01  ess=0.969  elapsed=  31.7s
[2026-05-30 14:18:06] KL+X_mu            step   940/2000   47.0%  loss=-2.861e+01  ess=0.958  elapsed=  32.4s
[2026-05-30 14:18:07] KL+X_mu            step   960/2000   48.0%  loss=-2.871e+01  ess=0.970  elapsed=  33.1s
[2026-05-30 14:18:08] KL+X_mu            step   980/2000   49.0%  loss=-2.855e+01  ess=0.937  elapsed=  33.8s
[2026-05-30 14:18:08] KL+X_mu            step  1000/2000   50.0%  loss=-2.868e+01  ess=0.954  elapsed=  34.5s
[2026-05-30 14:18:09] KL+X_mu            step  1020/2000   51.0%  loss=-2.861e+01  ess=0.949  elapsed=  35.2s
[2026-05-30 14:18:10] KL+X_mu            step  1040/2000   52.0%  loss=-2.861e+01  ess=0.948  elapsed=  35.8s
[2026-05-30 14:18:10] KL+X_mu            step  1060/2000   53.0%  loss=-2.871e+01  ess=0.976  elapsed=  36.5s
[2026-05-30 14:18:11] KL+X_mu            step  1080/2000   54.0%  loss=-2.866e+01  ess=0.978  elapsed=  37.2s
[2026-05-30 14:18:12] KL+X_mu            step  1100/2000   55.0%  loss=-2.868e+01  ess=0.981  elapsed=  37.9s
[2026-05-30 14:18:12] KL+X_mu            step  1120/2000   56.0%  loss=-2.858e+01  ess=0.942  elapsed=  38.5s
[2026-05-30 14:18:13] KL+X_mu            step  1140/2000   57.0%  loss=-2.859e+01  ess=0.947  elapsed=  39.2s
[2026-05-30 14:18:14] KL+X_mu            step  1160/2000   58.0%  loss=-2.866e+01  ess=0.955  elapsed=  39.9s
[2026-05-30 14:18:14] KL+X_mu            step  1180/2000   59.0%  loss=-2.868e+01  ess=0.977  elapsed=  40.5s
[2026-05-30 14:18:15] KL+X_mu            step  1200/2000   60.0%  loss=-2.867e+01  ess=0.961  elapsed=  41.2s
[2026-05-30 14:18:16] KL+X_mu            step  1220/2000   61.0%  loss=-2.864e+01  ess=0.962  elapsed=  41.9s
[2026-05-30 14:18:16] KL+X_mu            step  1240/2000   62.0%  loss=-2.865e+01  ess=0.960  elapsed=  42.6s
[2026-05-30 14:18:17] KL+X_mu            step  1260/2000   63.0%  loss=-2.872e+01  ess=0.970  elapsed=  43.2s
[2026-05-30 14:18:18] KL+X_mu            step  1280/2000   64.0%  loss=-2.851e+01  ess=0.933  elapsed=  43.9s
[2026-05-30 14:18:19] KL+X_mu            step  1300/2000   65.0%  loss=-2.853e+01  ess=0.946  elapsed=  44.6s
[2026-05-30 14:18:19] KL+X_mu            step  1320/2000   66.0%  loss=-2.868e+01  ess=0.973  elapsed=  45.3s
[2026-05-30 14:18:20] KL+X_mu            step  1340/2000   67.0%  loss=-2.861e+01  ess=0.961  elapsed=  46.0s
[2026-05-30 14:18:21] KL+X_mu            step  1360/2000   68.0%  loss=-2.873e+01  ess=0.981  elapsed=  46.6s
[2026-05-30 14:18:21] KL+X_mu            step  1380/2000   69.0%  loss=-2.860e+01  ess=0.960  elapsed=  47.3s
[2026-05-30 14:18:22] KL+X_mu            step  1400/2000   70.0%  loss=-2.867e+01  ess=0.964  elapsed=  47.9s
[2026-05-30 14:18:23] KL+X_mu            step  1420/2000   71.0%  loss=-2.858e+01  ess=0.965  elapsed=  48.6s
[2026-05-30 14:18:23] KL+X_mu            step  1440/2000   72.0%  loss=-2.867e+01  ess=0.980  elapsed=  49.3s
[2026-05-30 14:18:24] KL+X_mu            step  1460/2000   73.0%  loss=-2.852e+01  ess=0.937  elapsed=  50.0s
[2026-05-30 14:18:25] KL+X_mu            step  1480/2000   74.0%  loss=-2.863e+01  ess=0.962  elapsed=  50.7s
[2026-05-30 14:18:25] KL+X_mu            step  1500/2000   75.0%  loss=-2.868e+01  ess=0.971  elapsed=  51.3s
[2026-05-30 14:18:26] KL+X_mu            step  1520/2000   76.0%  loss=-2.864e+01  ess=0.970  elapsed=  52.0s
[2026-05-30 14:18:27] KL+X_mu            step  1540/2000   77.0%  loss=-2.866e+01  ess=0.980  elapsed=  52.7s
[2026-05-30 14:18:27] KL+X_mu            step  1560/2000   78.0%  loss=-2.862e+01  ess=0.969  elapsed=  53.4s
[2026-05-30 14:18:28] KL+X_mu            step  1580/2000   79.0%  loss=-2.859e+01  ess=0.960  elapsed=  54.2s
[2026-05-30 14:18:29] KL+X_mu            step  1600/2000   80.0%  loss=-2.868e+01  ess=0.960  elapsed=  54.8s
[2026-05-30 14:18:29] KL+X_mu            step  1620/2000   81.0%  loss=-2.866e+01  ess=0.972  elapsed=  55.5s
[2026-05-30 14:18:30] KL+X_mu            step  1640/2000   82.0%  loss=-2.866e+01  ess=0.965  elapsed=  56.1s
[2026-05-30 14:18:31] KL+X_mu            step  1660/2000   83.0%  loss=-2.872e+01  ess=0.980  elapsed=  56.8s
[2026-05-30 14:18:31] KL+X_mu            step  1680/2000   84.0%  loss=-2.861e+01  ess=0.964  elapsed=  57.5s
[2026-05-30 14:18:32] KL+X_mu            step  1700/2000   85.0%  loss=-2.856e+01  ess=0.938  elapsed=  58.2s
[2026-05-30 14:18:33] KL+X_mu            step  1720/2000   86.0%  loss=-2.861e+01  ess=0.957  elapsed=  58.9s
[2026-05-30 14:18:33] KL+X_mu            step  1740/2000   87.0%  loss=-2.861e+01  ess=0.964  elapsed=  59.5s
[2026-05-30 14:18:34] KL+X_mu            step  1760/2000   88.0%  loss=-2.864e+01  ess=0.968  elapsed=  60.2s
[2026-05-30 14:18:35] KL+X_mu            step  1780/2000   89.0%  loss=-2.866e+01  ess=0.968  elapsed=  60.9s
[2026-05-30 14:18:35] KL+X_mu            step  1800/2000   90.0%  loss=-2.869e+01  ess=0.984  elapsed=  61.5s
[2026-05-30 14:18:36] KL+X_mu            step  1820/2000   91.0%  loss=-2.866e+01  ess=0.974  elapsed=  62.2s
[2026-05-30 14:18:37] KL+X_mu            step  1840/2000   92.0%  loss=-2.871e+01  ess=0.989  elapsed=  62.9s
[2026-05-30 14:18:37] KL+X_mu            step  1860/2000   93.0%  loss=-2.871e+01  ess=0.985  elapsed=  63.5s
[2026-05-30 14:18:38] KL+X_mu            step  1880/2000   94.0%  loss=-2.870e+01  ess=0.980  elapsed=  64.2s
[2026-05-30 14:18:39] KL+X_mu            step  1900/2000   95.0%  loss=-2.864e+01  ess=0.958  elapsed=  64.9s
[2026-05-30 14:18:39] KL+X_mu            step  1920/2000   96.0%  loss=-2.859e+01  ess=0.959  elapsed=  65.6s
[2026-05-30 14:18:40] KL+X_mu            step  1940/2000   97.0%  loss=-2.869e+01  ess=0.976  elapsed=  66.2s
[2026-05-30 14:18:41] KL+X_mu            step  1960/2000   98.0%  loss=-2.871e+01  ess=0.978  elapsed=  66.9s
[2026-05-30 14:18:41] KL+X_mu            step  1980/2000   99.0%  loss=-2.861e+01  ess=0.962  elapsed=  67.5s
[2026-05-30 14:18:42] KL+X_mu            step  2000/2000  100.0%  loss=-2.866e+01  ess=0.968  elapsed=  68.2s
[2026-05-30 14:18:42] KL+X_mu            ess=0.9787  modes_found=1/6  knn_cov=0.062  occ=[0.0, 0.0, 1.0, 0.0, 0.0, 0.0]
[2026-05-30 14:18:42] === train KL+X_mu+X_hat_mu ===
[2026-05-30 14:18:42] KL+X_mu+X_hat_mu   step     1/2000    0.1%  loss=-2.212e+01  ess=0.002  elapsed=   0.0s
[2026-05-30 14:18:43] KL+X_mu+X_hat_mu   step    20/2000    1.0%  loss=-1.044e+01  ess=0.009  elapsed=   0.9s
[2026-05-30 14:18:44] KL+X_mu+X_hat_mu   step    40/2000    2.0%  loss=-1.408e+01  ess=0.011  elapsed=   1.9s
[2026-05-30 14:18:45] KL+X_mu+X_hat_mu   step    60/2000    3.0%  loss=-1.503e+01  ess=0.007  elapsed=   2.8s
[2026-05-30 14:18:46] KL+X_mu+X_hat_mu   step    80/2000    4.0%  loss=-1.626e+01  ess=0.014  elapsed=   3.8s
[2026-05-30 14:18:47] KL+X_mu+X_hat_mu   step   100/2000    5.0%  loss=-1.815e+01  ess=0.030  elapsed=   4.7s
[2026-05-30 14:18:48] KL+X_mu+X_hat_mu   step   120/2000    6.0%  loss=-1.883e+01  ess=0.041  elapsed=   5.7s
[2026-05-30 14:18:49] KL+X_mu+X_hat_mu   step   140/2000    7.0%  loss=-2.021e+01  ess=0.079  elapsed=   6.7s
[2026-05-30 14:18:50] KL+X_mu+X_hat_mu   step   160/2000    8.0%  loss=-2.073e+01  ess=0.081  elapsed=   7.6s
[2026-05-30 14:18:51] KL+X_mu+X_hat_mu   step   180/2000    9.0%  loss=-2.127e+01  ess=0.113  elapsed=   8.6s
[2026-05-30 14:18:52] KL+X_mu+X_hat_mu   step   200/2000   10.0%  loss=-2.127e+01  ess=0.177  elapsed=   9.5s
[2026-05-30 14:18:53] KL+X_mu+X_hat_mu   step   220/2000   11.0%  loss=-2.207e+01  ess=0.210  elapsed=  10.4s
[2026-05-30 14:18:54] KL+X_mu+X_hat_mu   step   240/2000   12.0%  loss=-2.245e+01  ess=0.243  elapsed=  11.3s
[2026-05-30 14:18:55] KL+X_mu+X_hat_mu   step   260/2000   13.0%  loss=-2.237e+01  ess=0.249  elapsed=  12.3s
[2026-05-30 14:18:56] KL+X_mu+X_hat_mu   step   280/2000   14.0%  loss=-2.273e+01  ess=0.304  elapsed=  13.3s
[2026-05-30 14:18:57] KL+X_mu+X_hat_mu   step   300/2000   15.0%  loss=-2.335e+01  ess=0.366  elapsed=  14.2s
[2026-05-30 14:18:58] KL+X_mu+X_hat_mu   step   320/2000   16.0%  loss=-2.367e+01  ess=0.370  elapsed=  15.2s
[2026-05-30 14:18:59] KL+X_mu+X_hat_mu   step   340/2000   17.0%  loss=-2.325e+01  ess=0.412  elapsed=  16.2s
[2026-05-30 14:19:00] KL+X_mu+X_hat_mu   step   360/2000   18.0%  loss=-2.318e+01  ess=0.471  elapsed=  17.1s
[2026-05-30 14:19:01] KL+X_mu+X_hat_mu   step   380/2000   19.0%  loss=-2.345e+01  ess=0.487  elapsed=  18.1s
[2026-05-30 14:19:02] KL+X_mu+X_hat_mu   step   400/2000   20.0%  loss=-2.368e+01  ess=0.511  elapsed=  19.1s
[2026-05-30 14:19:03] KL+X_mu+X_hat_mu   step   420/2000   21.0%  loss=-2.340e+01  ess=0.529  elapsed=  20.1s
[2026-05-30 14:19:03] KL+X_mu+X_hat_mu   step   440/2000   22.0%  loss=-2.363e+01  ess=0.481  elapsed=  21.0s
[2026-05-30 14:19:04] KL+X_mu+X_hat_mu   step   460/2000   23.0%  loss=-2.334e+01  ess=0.592  elapsed=  21.9s
[2026-05-30 14:19:05] KL+X_mu+X_hat_mu   step   480/2000   24.0%  loss=-2.412e+01  ess=0.625  elapsed=  22.8s
[2026-05-30 14:19:06] KL+X_mu+X_hat_mu   step   500/2000   25.0%  loss=-2.339e+01  ess=0.462  elapsed=  23.6s
[2026-05-30 14:19:07] KL+X_mu+X_hat_mu   step   520/2000   26.0%  loss=-2.431e+01  ess=0.657  elapsed=  24.6s
[2026-05-30 14:19:08] KL+X_mu+X_hat_mu   step   540/2000   27.0%  loss=-2.422e+01  ess=0.629  elapsed=  25.6s
[2026-05-30 14:19:09] KL+X_mu+X_hat_mu   step   560/2000   28.0%  loss=-2.427e+01  ess=0.643  elapsed=  26.5s
[2026-05-30 14:19:10] KL+X_mu+X_hat_mu   step   580/2000   29.0%  loss=-2.383e+01  ess=0.632  elapsed=  27.4s
[2026-05-30 14:19:11] KL+X_mu+X_hat_mu   step   600/2000   30.0%  loss=-2.450e+01  ess=0.690  elapsed=  28.3s
[2026-05-30 14:19:12] KL+X_mu+X_hat_mu   step   620/2000   31.0%  loss=-2.486e+01  ess=0.729  elapsed=  29.2s
[2026-05-30 14:19:13] KL+X_mu+X_hat_mu   step   640/2000   32.0%  loss=-2.491e+01  ess=0.736  elapsed=  30.1s
[2026-05-30 14:19:13] KL+X_mu+X_hat_mu   step   660/2000   33.0%  loss=-2.450e+01  ess=0.717  elapsed=  31.0s
[2026-05-30 14:19:14] KL+X_mu+X_hat_mu   step   680/2000   34.0%  loss=-2.465e+01  ess=0.726  elapsed=  31.9s
[2026-05-30 14:19:15] KL+X_mu+X_hat_mu   step   700/2000   35.0%  loss=-2.448e+01  ess=0.595  elapsed=  32.8s
[2026-05-30 14:19:16] KL+X_mu+X_hat_mu   step   720/2000   36.0%  loss=-2.457e+01  ess=0.704  elapsed=  33.7s
[2026-05-30 14:19:17] KL+X_mu+X_hat_mu   step   740/2000   37.0%  loss=-2.460e+01  ess=0.804  elapsed=  34.6s
[2026-05-30 14:19:18] KL+X_mu+X_hat_mu   step   760/2000   38.0%  loss=-2.470e+01  ess=0.790  elapsed=  35.5s
[2026-05-30 14:19:19] KL+X_mu+X_hat_mu   step   780/2000   39.0%  loss=-2.479e+01  ess=0.774  elapsed=  36.4s
[2026-05-30 14:19:20] KL+X_mu+X_hat_mu   step   800/2000   40.0%  loss=-2.458e+01  ess=0.767  elapsed=  37.3s
[2026-05-30 14:19:21] KL+X_mu+X_hat_mu   step   820/2000   41.0%  loss=-2.500e+01  ess=0.750  elapsed=  38.2s
[2026-05-30 14:19:22] KL+X_mu+X_hat_mu   step   840/2000   42.0%  loss=-2.487e+01  ess=0.793  elapsed=  39.1s
[2026-05-30 14:19:22] KL+X_mu+X_hat_mu   step   860/2000   43.0%  loss=-2.501e+01  ess=0.778  elapsed=  40.0s
[2026-05-30 14:19:23] KL+X_mu+X_hat_mu   step   880/2000   44.0%  loss=-2.475e+01  ess=0.773  elapsed=  41.0s
[2026-05-30 14:19:24] KL+X_mu+X_hat_mu   step   900/2000   45.0%  loss=-2.497e+01  ess=0.831  elapsed=  41.9s
[2026-05-30 14:19:25] KL+X_mu+X_hat_mu   step   920/2000   46.0%  loss=-2.519e+01  ess=0.833  elapsed=  42.8s
[2026-05-30 14:19:26] KL+X_mu+X_hat_mu   step   940/2000   47.0%  loss=-2.507e+01  ess=0.778  elapsed=  43.7s
[2026-05-30 14:19:27] KL+X_mu+X_hat_mu   step   960/2000   48.0%  loss=-2.514e+01  ess=0.809  elapsed=  44.6s
[2026-05-30 14:19:28] KL+X_mu+X_hat_mu   step   980/2000   49.0%  loss=-2.506e+01  ess=0.829  elapsed=  45.5s
[2026-05-30 14:19:29] KL+X_mu+X_hat_mu   step  1000/2000   50.0%  loss=-2.529e+01  ess=0.825  elapsed=  46.4s
[2026-05-30 14:19:30] KL+X_mu+X_hat_mu   step  1020/2000   51.0%  loss=-2.502e+01  ess=0.822  elapsed=  47.3s
[2026-05-30 14:19:31] KL+X_mu+X_hat_mu   step  1040/2000   52.0%  loss=-2.541e+01  ess=0.862  elapsed=  48.2s
[2026-05-30 14:19:32] KL+X_mu+X_hat_mu   step  1060/2000   53.0%  loss=-2.538e+01  ess=0.840  elapsed=  49.2s
[2026-05-30 14:19:33] KL+X_mu+X_hat_mu   step  1080/2000   54.0%  loss=-2.511e+01  ess=0.826  elapsed=  50.1s
[2026-05-30 14:19:34] KL+X_mu+X_hat_mu   step  1100/2000   55.0%  loss=-2.530e+01  ess=0.847  elapsed=  51.1s
[2026-05-30 14:19:34] KL+X_mu+X_hat_mu   step  1120/2000   56.0%  loss=-2.511e+01  ess=0.840  elapsed=  52.1s
[2026-05-30 14:19:35] KL+X_mu+X_hat_mu   step  1140/2000   57.0%  loss=-2.544e+01  ess=0.840  elapsed=  53.0s
[2026-05-30 14:19:36] KL+X_mu+X_hat_mu   step  1160/2000   58.0%  loss=-2.549e+01  ess=0.864  elapsed=  54.1s
[2026-05-30 14:19:37] KL+X_mu+X_hat_mu   step  1180/2000   59.0%  loss=-2.536e+01  ess=0.854  elapsed=  55.0s
[2026-05-30 14:19:38] KL+X_mu+X_hat_mu   step  1200/2000   60.0%  loss=-2.522e+01  ess=0.832  elapsed=  56.1s
[2026-05-30 14:19:39] KL+X_mu+X_hat_mu   step  1220/2000   61.0%  loss=-2.540e+01  ess=0.868  elapsed=  57.1s
[2026-05-30 14:19:40] KL+X_mu+X_hat_mu   step  1240/2000   62.0%  loss=-2.541e+01  ess=0.873  elapsed=  58.1s
[2026-05-30 14:19:41] KL+X_mu+X_hat_mu   step  1260/2000   63.0%  loss=-2.542e+01  ess=0.871  elapsed=  59.0s
[2026-05-30 14:19:42] KL+X_mu+X_hat_mu   step  1280/2000   64.0%  loss=-2.535e+01  ess=0.864  elapsed=  60.0s
[2026-05-30 14:19:43] KL+X_mu+X_hat_mu   step  1300/2000   65.0%  loss=-2.544e+01  ess=0.863  elapsed=  61.0s
[2026-05-30 14:19:44] KL+X_mu+X_hat_mu   step  1320/2000   66.0%  loss=-2.547e+01  ess=0.882  elapsed=  62.0s
[2026-05-30 14:19:45] KL+X_mu+X_hat_mu   step  1340/2000   67.0%  loss=-2.541e+01  ess=0.847  elapsed=  62.9s
[2026-05-30 14:19:46] KL+X_mu+X_hat_mu   step  1360/2000   68.0%  loss=-2.551e+01  ess=0.870  elapsed=  63.9s
[2026-05-30 14:19:47] KL+X_mu+X_hat_mu   step  1380/2000   69.0%  loss=-2.521e+01  ess=0.837  elapsed=  64.9s
[2026-05-30 14:19:48] KL+X_mu+X_hat_mu   step  1400/2000   70.0%  loss=-2.539e+01  ess=0.857  elapsed=  65.8s
[2026-05-30 14:19:49] KL+X_mu+X_hat_mu   step  1420/2000   71.0%  loss=-2.542e+01  ess=0.887  elapsed=  66.8s
[2026-05-30 14:19:50] KL+X_mu+X_hat_mu   step  1440/2000   72.0%  loss=-2.528e+01  ess=0.830  elapsed=  67.7s
[2026-05-30 14:19:51] KL+X_mu+X_hat_mu   step  1460/2000   73.0%  loss=-2.548e+01  ess=0.868  elapsed=  68.6s
[2026-05-30 14:19:52] KL+X_mu+X_hat_mu   step  1480/2000   74.0%  loss=-2.562e+01  ess=0.874  elapsed=  69.5s
[2026-05-30 14:19:53] KL+X_mu+X_hat_mu   step  1500/2000   75.0%  loss=-2.555e+01  ess=0.871  elapsed=  70.5s
[2026-05-30 14:19:54] KL+X_mu+X_hat_mu   step  1520/2000   76.0%  loss=-2.566e+01  ess=0.917  elapsed=  71.4s
[2026-05-30 14:19:55] KL+X_mu+X_hat_mu   step  1540/2000   77.0%  loss=-2.549e+01  ess=0.898  elapsed=  72.4s
[2026-05-30 14:19:56] KL+X_mu+X_hat_mu   step  1560/2000   78.0%  loss=-2.561e+01  ess=0.883  elapsed=  73.3s
[2026-05-30 14:19:57] KL+X_mu+X_hat_mu   step  1580/2000   79.0%  loss=-2.563e+01  ess=0.893  elapsed=  74.2s
[2026-05-30 14:19:58] KL+X_mu+X_hat_mu   step  1600/2000   80.0%  loss=-2.566e+01  ess=0.906  elapsed=  75.1s
[2026-05-30 14:19:58] KL+X_mu+X_hat_mu   step  1620/2000   81.0%  loss=-2.530e+01  ess=0.857  elapsed=  76.0s
[2026-05-30 14:19:59] KL+X_mu+X_hat_mu   step  1640/2000   82.0%  loss=-2.545e+01  ess=0.863  elapsed=  76.9s
[2026-05-30 14:20:00] KL+X_mu+X_hat_mu   step  1660/2000   83.0%  loss=-2.549e+01  ess=0.881  elapsed=  77.9s
[2026-05-30 14:20:01] KL+X_mu+X_hat_mu   step  1680/2000   84.0%  loss=-2.550e+01  ess=0.877  elapsed=  78.8s
[2026-05-30 14:20:02] KL+X_mu+X_hat_mu   step  1700/2000   85.0%  loss=-2.537e+01  ess=0.868  elapsed=  79.8s
[2026-05-30 14:20:03] KL+X_mu+X_hat_mu   step  1720/2000   86.0%  loss=-2.563e+01  ess=0.880  elapsed=  80.7s
[2026-05-30 14:20:04] KL+X_mu+X_hat_mu   step  1740/2000   87.0%  loss=-2.557e+01  ess=0.885  elapsed=  81.6s
[2026-05-30 14:20:05] KL+X_mu+X_hat_mu   step  1760/2000   88.0%  loss=-2.576e+01  ess=0.898  elapsed=  82.6s
[2026-05-30 14:20:06] KL+X_mu+X_hat_mu   step  1780/2000   89.0%  loss=-2.569e+01  ess=0.912  elapsed=  83.5s
[2026-05-30 14:20:07] KL+X_mu+X_hat_mu   step  1800/2000   90.0%  loss=-2.564e+01  ess=0.911  elapsed=  84.5s
[2026-05-30 14:20:08] KL+X_mu+X_hat_mu   step  1820/2000   91.0%  loss=-2.569e+01  ess=0.917  elapsed=  85.5s
[2026-05-30 14:20:09] KL+X_mu+X_hat_mu   step  1840/2000   92.0%  loss=-2.567e+01  ess=0.894  elapsed=  86.4s
[2026-05-30 14:20:10] KL+X_mu+X_hat_mu   step  1860/2000   93.0%  loss=-2.575e+01  ess=0.913  elapsed=  87.4s
[2026-05-30 14:20:11] KL+X_mu+X_hat_mu   step  1880/2000   94.0%  loss=-2.559e+01  ess=0.874  elapsed=  88.3s
[2026-05-30 14:20:12] KL+X_mu+X_hat_mu   step  1900/2000   95.0%  loss=-2.566e+01  ess=0.897  elapsed=  89.2s
[2026-05-30 14:20:13] KL+X_mu+X_hat_mu   step  1920/2000   96.0%  loss=-2.570e+01  ess=0.914  elapsed=  90.1s
[2026-05-30 14:20:14] KL+X_mu+X_hat_mu   step  1940/2000   97.0%  loss=-2.582e+01  ess=0.923  elapsed=  91.1s
[2026-05-30 14:20:14] KL+X_mu+X_hat_mu   step  1960/2000   98.0%  loss=-2.587e+01  ess=0.919  elapsed=  92.0s
[2026-05-30 14:20:15] KL+X_mu+X_hat_mu   step  1980/2000   99.0%  loss=-2.577e+01  ess=0.874  elapsed=  93.0s
[2026-05-30 14:20:16] KL+X_mu+X_hat_mu   step  2000/2000  100.0%  loss=-2.592e+01  ess=0.924  elapsed=  93.9s
[2026-05-30 14:20:16] KL+X_mu+X_hat_mu   ess=0.9127  modes_found=6/6  knn_cov=0.293  occ=[0.168, 0.174, 0.158, 0.171, 0.159, 0.169]
[2026-05-30 14:20:16] === train KL+X_mu+X_mix ===
[2026-05-30 14:20:17] KL+X_mu+X_mix      step     1/2000    0.1%  loss=8.465e+00  ess=0.002  elapsed=   0.0s
[2026-05-30 14:20:18] KL+X_mu+X_mix      step    20/2000    1.0%  loss=1.354e+01  ess=0.005  elapsed=   1.0s
[2026-05-30 14:20:19] KL+X_mu+X_mix      step    40/2000    2.0%  loss=-1.642e-01  ess=0.047  elapsed=   1.9s
[2026-05-30 14:20:20] KL+X_mu+X_mix      step    60/2000    3.0%  loss=-1.531e+00  ess=0.038  elapsed=   2.9s
[2026-05-30 14:20:21] KL+X_mu+X_mix      step    80/2000    4.0%  loss=-4.682e+00  ess=0.163  elapsed=   3.9s
[2026-05-30 14:20:22] KL+X_mu+X_mix      step   100/2000    5.0%  loss=-5.048e+00  ess=0.187  elapsed=   4.9s
[2026-05-30 14:20:23] KL+X_mu+X_mix      step   120/2000    6.0%  loss=-1.025e+01  ess=0.295  elapsed=   5.8s
[2026-05-30 14:20:23] KL+X_mu+X_mix      step   140/2000    7.0%  loss=-1.137e+01  ess=0.349  elapsed=   6.8s
[2026-05-30 14:20:24] KL+X_mu+X_mix      step   160/2000    8.0%  loss=-1.405e+01  ess=0.384  elapsed=   7.8s
[2026-05-30 14:20:25] KL+X_mu+X_mix      step   180/2000    9.0%  loss=-1.496e+01  ess=0.472  elapsed=   8.7s
[2026-05-30 14:20:26] KL+X_mu+X_mix      step   200/2000   10.0%  loss=-1.736e+01  ess=0.387  elapsed=   9.6s
[2026-05-30 14:20:27] KL+X_mu+X_mix      step   220/2000   11.0%  loss=-1.877e+01  ess=0.521  elapsed=  10.5s
[2026-05-30 14:20:28] KL+X_mu+X_mix      step   240/2000   12.0%  loss=-1.829e+01  ess=0.505  elapsed=  11.4s
[2026-05-30 14:20:29] KL+X_mu+X_mix      step   260/2000   13.0%  loss=-1.942e+01  ess=0.594  elapsed=  12.2s
[2026-05-30 14:20:30] KL+X_mu+X_mix      step   280/2000   14.0%  loss=-2.066e+01  ess=0.588  elapsed=  13.1s
[2026-05-30 14:20:31] KL+X_mu+X_mix      step   300/2000   15.0%  loss=-2.117e+01  ess=0.675  elapsed=  14.1s
[2026-05-30 14:20:32] KL+X_mu+X_mix      step   320/2000   16.0%  loss=-2.313e+01  ess=0.738  elapsed=  15.1s
[2026-05-30 14:20:33] KL+X_mu+X_mix      step   340/2000   17.0%  loss=-2.179e+01  ess=0.801  elapsed=  16.1s
[2026-05-30 14:20:34] KL+X_mu+X_mix      step   360/2000   18.0%  loss=-2.244e+01  ess=0.752  elapsed=  17.1s
[2026-05-30 14:20:35] KL+X_mu+X_mix      step   380/2000   19.0%  loss=-2.176e+01  ess=0.782  elapsed=  18.1s
[2026-05-30 14:20:36] KL+X_mu+X_mix      step   400/2000   20.0%  loss=-2.342e+01  ess=0.785  elapsed=  19.0s
[2026-05-30 14:20:37] KL+X_mu+X_mix      step   420/2000   21.0%  loss=-2.260e+01  ess=0.791  elapsed=  20.0s
[2026-05-30 14:20:38] KL+X_mu+X_mix      step   440/2000   22.0%  loss=-1.984e+01  ess=0.130  elapsed=  20.9s
[2026-05-30 14:20:39] KL+X_mu+X_mix      step   460/2000   23.0%  loss=-2.204e+01  ess=0.666  elapsed=  21.9s
[2026-05-30 14:20:39] KL+X_mu+X_mix      step   480/2000   24.0%  loss=-2.292e+01  ess=0.839  elapsed=  22.8s
[2026-05-30 14:20:40] KL+X_mu+X_mix      step   500/2000   25.0%  loss=-2.331e+01  ess=0.728  elapsed=  23.8s
[2026-05-30 14:20:41] KL+X_mu+X_mix      step   520/2000   26.0%  loss=-2.259e+01  ess=0.825  elapsed=  24.7s
[2026-05-30 14:20:42] KL+X_mu+X_mix      step   540/2000   27.0%  loss=-2.395e+01  ess=0.858  elapsed=  25.7s
[2026-05-30 14:20:43] KL+X_mu+X_mix      step   560/2000   28.0%  loss=-2.368e+01  ess=0.856  elapsed=  26.7s
[2026-05-30 14:20:44] KL+X_mu+X_mix      step   580/2000   29.0%  loss=-2.412e+01  ess=0.787  elapsed=  27.7s
[2026-05-30 14:20:45] KL+X_mu+X_mix      step   600/2000   30.0%  loss=-2.353e+01  ess=0.804  elapsed=  28.6s
[2026-05-30 14:20:46] KL+X_mu+X_mix      step   620/2000   31.0%  loss=-2.425e+01  ess=0.861  elapsed=  29.5s
[2026-05-30 14:20:47] KL+X_mu+X_mix      step   640/2000   32.0%  loss=-2.419e+01  ess=0.866  elapsed=  30.6s
[2026-05-30 14:20:48] KL+X_mu+X_mix      step   660/2000   33.0%  loss=-2.416e+01  ess=0.873  elapsed=  31.6s
[2026-05-30 14:20:49] KL+X_mu+X_mix      step   680/2000   34.0%  loss=-2.432e+01  ess=0.853  elapsed=  32.5s
[2026-05-30 14:20:50] KL+X_mu+X_mix      step   700/2000   35.0%  loss=-2.378e+01  ess=0.703  elapsed=  33.5s
[2026-05-30 14:20:51] KL+X_mu+X_mix      step   720/2000   36.0%  loss=-2.415e+01  ess=0.881  elapsed=  34.5s
[2026-05-30 14:20:52] KL+X_mu+X_mix      step   740/2000   37.0%  loss=-2.492e+01  ess=0.882  elapsed=  35.5s
[2026-05-30 14:20:53] KL+X_mu+X_mix      step   760/2000   38.0%  loss=-2.419e+01  ess=0.892  elapsed=  36.4s
[2026-05-30 14:20:54] KL+X_mu+X_mix      step   780/2000   39.0%  loss=-2.381e+01  ess=0.851  elapsed=  37.4s
[2026-05-30 14:20:55] KL+X_mu+X_mix      step   800/2000   40.0%  loss=-2.472e+01  ess=0.913  elapsed=  38.4s
[2026-05-30 14:20:56] KL+X_mu+X_mix      step   820/2000   41.0%  loss=-2.383e+01  ess=0.838  elapsed=  39.3s
[2026-05-30 14:20:57] KL+X_mu+X_mix      step   840/2000   42.0%  loss=-2.467e+01  ess=0.899  elapsed=  40.2s
[2026-05-30 14:20:58] KL+X_mu+X_mix      step   860/2000   43.0%  loss=-2.423e+01  ess=0.849  elapsed=  41.2s
[2026-05-30 14:20:59] KL+X_mu+X_mix      step   880/2000   44.0%  loss=-2.459e+01  ess=0.864  elapsed=  42.2s
[2026-05-30 14:21:00] KL+X_mu+X_mix      step   900/2000   45.0%  loss=-2.487e+01  ess=0.908  elapsed=  43.1s
[2026-05-30 14:21:01] KL+X_mu+X_mix      step   920/2000   46.0%  loss=-2.517e+01  ess=0.865  elapsed=  44.1s
[2026-05-30 14:21:02] KL+X_mu+X_mix      step   940/2000   47.0%  loss=-2.403e+01  ess=0.622  elapsed=  45.1s
[2026-05-30 14:21:03] KL+X_mu+X_mix      step   960/2000   48.0%  loss=-2.461e+01  ess=0.844  elapsed=  46.1s
[2026-05-30 14:21:04] KL+X_mu+X_mix      step   980/2000   49.0%  loss=-2.449e+01  ess=0.833  elapsed=  47.0s
[2026-05-30 14:21:05] KL+X_mu+X_mix      step  1000/2000   50.0%  loss=-2.470e+01  ess=0.873  elapsed=  47.9s
[2026-05-30 14:21:06] KL+X_mu+X_mix      step  1020/2000   51.0%  loss=-2.509e+01  ess=0.887  elapsed=  48.9s
[2026-05-30 14:21:06] KL+X_mu+X_mix      step  1040/2000   52.0%  loss=-2.500e+01  ess=0.924  elapsed=  49.8s
[2026-05-30 14:21:07] KL+X_mu+X_mix      step  1060/2000   53.0%  loss=-2.480e+01  ess=0.897  elapsed=  50.7s
[2026-05-30 14:21:08] KL+X_mu+X_mix      step  1080/2000   54.0%  loss=-2.528e+01  ess=0.918  elapsed=  51.6s
[2026-05-30 14:21:09] KL+X_mu+X_mix      step  1100/2000   55.0%  loss=-2.519e+01  ess=0.883  elapsed=  52.5s
[2026-05-30 14:21:10] KL+X_mu+X_mix      step  1120/2000   56.0%  loss=-2.126e+01  ess=0.375  elapsed=  53.4s
[2026-05-30 14:21:11] KL+X_mu+X_mix      step  1140/2000   57.0%  loss=-2.310e+01  ess=0.662  elapsed=  54.4s
[2026-05-30 14:21:12] KL+X_mu+X_mix      step  1160/2000   58.0%  loss=-2.404e+01  ess=0.676  elapsed=  55.3s
[2026-05-30 14:21:13] KL+X_mu+X_mix      step  1180/2000   59.0%  loss=-2.428e+01  ess=0.852  elapsed=  56.2s
[2026-05-30 14:21:14] KL+X_mu+X_mix      step  1200/2000   60.0%  loss=-2.369e+01  ess=0.762  elapsed=  57.2s
[2026-05-30 14:21:15] KL+X_mu+X_mix      step  1220/2000   61.0%  loss=-2.377e+01  ess=0.854  elapsed=  58.2s
[2026-05-30 14:21:16] KL+X_mu+X_mix      step  1240/2000   62.0%  loss=-2.434e+01  ess=0.862  elapsed=  59.1s
[2026-05-30 14:21:17] KL+X_mu+X_mix      step  1260/2000   63.0%  loss=-2.419e+01  ess=0.886  elapsed=  60.0s
[2026-05-30 14:21:18] KL+X_mu+X_mix      step  1280/2000   64.0%  loss=-2.426e+01  ess=0.892  elapsed=  60.9s
[2026-05-30 14:21:18] KL+X_mu+X_mix      step  1300/2000   65.0%  loss=-2.493e+01  ess=0.912  elapsed=  61.8s
[2026-05-30 14:21:19] KL+X_mu+X_mix      step  1320/2000   66.0%  loss=-2.479e+01  ess=0.896  elapsed=  62.7s
[2026-05-30 14:21:20] KL+X_mu+X_mix      step  1340/2000   67.0%  loss=-2.440e+01  ess=0.861  elapsed=  63.7s
[2026-05-30 14:21:21] KL+X_mu+X_mix      step  1360/2000   68.0%  loss=-2.523e+01  ess=0.875  elapsed=  64.6s
[2026-05-30 14:21:22] KL+X_mu+X_mix      step  1380/2000   69.0%  loss=-2.442e+01  ess=0.875  elapsed=  65.6s
[2026-05-30 14:21:23] KL+X_mu+X_mix      step  1400/2000   70.0%  loss=-2.516e+01  ess=0.920  elapsed=  66.6s
[2026-05-30 14:21:24] KL+X_mu+X_mix      step  1420/2000   71.0%  loss=-2.474e+01  ess=0.915  elapsed=  67.5s
[2026-05-30 14:21:25] KL+X_mu+X_mix      step  1440/2000   72.0%  loss=-2.469e+01  ess=0.911  elapsed=  68.4s
[2026-05-30 14:21:26] KL+X_mu+X_mix      step  1460/2000   73.0%  loss=-2.411e+01  ess=0.763  elapsed=  69.3s
[2026-05-30 14:21:27] KL+X_mu+X_mix      step  1480/2000   74.0%  loss=-2.545e+01  ess=0.863  elapsed=  70.2s
[2026-05-30 14:21:28] KL+X_mu+X_mix      step  1500/2000   75.0%  loss=-2.461e+01  ess=0.874  elapsed=  71.1s
[2026-05-30 14:21:29] KL+X_mu+X_mix      step  1520/2000   76.0%  loss=-2.487e+01  ess=0.873  elapsed=  72.0s
[2026-05-30 14:21:30] KL+X_mu+X_mix      step  1540/2000   77.0%  loss=-2.520e+01  ess=0.904  elapsed=  73.0s
[2026-05-30 14:21:31] KL+X_mu+X_mix      step  1560/2000   78.0%  loss=-2.542e+01  ess=0.913  elapsed=  74.0s
[2026-05-30 14:21:32] KL+X_mu+X_mix      step  1580/2000   79.0%  loss=-2.432e+01  ess=0.901  elapsed=  74.9s
[2026-05-30 14:21:33] KL+X_mu+X_mix      step  1600/2000   80.0%  loss=-2.560e+01  ess=0.917  elapsed=  75.9s
[2026-05-30 14:21:34] KL+X_mu+X_mix      step  1620/2000   81.0%  loss=-2.558e+01  ess=0.935  elapsed=  76.9s
[2026-05-30 14:21:34] KL+X_mu+X_mix      step  1640/2000   82.0%  loss=-2.510e+01  ess=0.909  elapsed=  77.8s
[2026-05-30 14:21:35] KL+X_mu+X_mix      step  1660/2000   83.0%  loss=-2.493e+01  ess=0.917  elapsed=  78.7s
[2026-05-30 14:21:36] KL+X_mu+X_mix      step  1680/2000   84.0%  loss=-2.465e+01  ess=0.912  elapsed=  79.6s
[2026-05-30 14:21:37] KL+X_mu+X_mix      step  1700/2000   85.0%  loss=-2.511e+01  ess=0.912  elapsed=  80.6s
[2026-05-30 14:21:38] KL+X_mu+X_mix      step  1720/2000   86.0%  loss=-2.542e+01  ess=0.931  elapsed=  81.6s
[2026-05-30 14:21:39] KL+X_mu+X_mix      step  1740/2000   87.0%  loss=-2.567e+01  ess=0.905  elapsed=  82.5s
[2026-05-30 14:21:40] KL+X_mu+X_mix      step  1760/2000   88.0%  loss=-2.503e+01  ess=0.939  elapsed=  83.4s
[2026-05-30 14:21:41] KL+X_mu+X_mix      step  1780/2000   89.0%  loss=-2.484e+01  ess=0.895  elapsed=  84.3s
[2026-05-30 14:21:42] KL+X_mu+X_mix      step  1800/2000   90.0%  loss=-2.472e+01  ess=0.702  elapsed=  85.1s
[2026-05-30 14:21:43] KL+X_mu+X_mix      step  1820/2000   91.0%  loss=-2.557e+01  ess=0.921  elapsed=  86.0s
[2026-05-30 14:21:43] KL+X_mu+X_mix      step  1840/2000   92.0%  loss=-2.534e+01  ess=0.891  elapsed=  86.8s
[2026-05-30 14:21:44] KL+X_mu+X_mix      step  1860/2000   93.0%  loss=-2.503e+01  ess=0.916  elapsed=  87.7s
[2026-05-30 14:21:45] KL+X_mu+X_mix      step  1880/2000   94.0%  loss=-2.486e+01  ess=0.911  elapsed=  88.5s
[2026-05-30 14:21:46] KL+X_mu+X_mix      step  1900/2000   95.0%  loss=-2.537e+01  ess=0.908  elapsed=  89.3s
[2026-05-30 14:21:47] KL+X_mu+X_mix      step  1920/2000   96.0%  loss=-2.582e+01  ess=0.940  elapsed=  90.2s
[2026-05-30 14:21:48] KL+X_mu+X_mix      step  1940/2000   97.0%  loss=-2.580e+01  ess=0.936  elapsed=  91.0s
[2026-05-30 14:21:49] KL+X_mu+X_mix      step  1960/2000   98.0%  loss=-2.539e+01  ess=0.904  elapsed=  91.9s
[2026-05-30 14:21:49] KL+X_mu+X_mix      step  1980/2000   99.0%  loss=-2.508e+01  ess=0.907  elapsed=  92.8s
[2026-05-30 14:21:50] KL+X_mu+X_mix      step  2000/2000  100.0%  loss=-2.587e+01  ess=0.922  elapsed=  93.7s
[2026-05-30 14:21:50] KL+X_mu+X_mix      ess=0.9344  modes_found=6/6  knn_cov=0.307  occ=[0.167, 0.168, 0.168, 0.16, 0.164, 0.173]
[2026-05-30 14:21:50] ##### RUN DONE in 317.2s -> data.pth #####
