[2026-05-28 12:31:28] ##### START steps=800 device=cuda #####
[2026-05-28 12:31:29] TEMPERED TARGET: U_beta = 0.01 * U
[2026-05-28 12:31:29] coarse target: d=9 grid=16^2
[2026-05-28 12:31:29] fine target:   d=9 grid=32^2
[2026-05-28 12:31:29] QT pool: 800 particles  range_norm=6.006
[2026-05-28 12:31:29] mode centers: 6 (2 sign-flips x 3 k-shifts of theta_star), separation min=2.094
[2026-05-28 12:31:29] === KL ===
[2026-05-28 12:31:30] KL                 step     1/800    0.1%  loss=1.033e+01  ess=0.001  elapsed=   0.9s  898.3ms/step
[2026-05-28 12:31:33] KL                 step     8/800    1.0%  loss=1.360e+01  ess=0.001  elapsed=   3.8s  473.5ms/step
[2026-05-28 12:31:36] KL                 step    16/800    2.0%  loss=1.693e+01  ess=0.001  elapsed=   7.1s  443.1ms/step
[2026-05-28 12:31:40] KL                 step    24/800    3.0%  loss=1.595e+01  ess=0.003  elapsed=  10.4s  434.3ms/step
[2026-05-28 12:31:43] KL                 step    32/800    4.0%  loss=1.703e+01  ess=0.003  elapsed=  13.8s  429.7ms/step
[2026-05-28 12:31:46] KL                 step    40/800    5.0%  loss=1.527e+01  ess=0.022  elapsed=  17.1s  426.4ms/step
[2026-05-28 12:31:50] KL                 step    48/800    6.0%  loss=1.555e+01  ess=0.045  elapsed=  20.6s  429.3ms/step
[2026-05-28 12:31:53] KL                 step    56/800    7.0%  loss=1.494e+01  ess=0.063  elapsed=  23.9s  426.9ms/step
[2026-05-28 12:31:57] KL                 step    64/800    8.0%  loss=1.464e+01  ess=0.163  elapsed=  27.3s  426.6ms/step
[2026-05-28 12:32:00] KL                 step    72/800    9.0%  loss=1.465e+01  ess=0.243  elapsed=  30.8s  427.2ms/step
[2026-05-28 12:32:04] KL                 step    80/800   10.0%  loss=1.455e+01  ess=0.257  elapsed=  34.2s  428.1ms/step
[2026-05-28 12:32:07] KL                 step    88/800   11.0%  loss=1.473e+01  ess=0.270  elapsed=  37.6s  427.4ms/step
[2026-05-28 12:32:10] KL                 step    96/800   12.0%  loss=1.454e+01  ess=0.318  elapsed=  40.9s  426.4ms/step
[2026-05-28 12:32:14] KL                 step   104/800   13.0%  loss=1.454e+01  ess=0.320  elapsed=  44.3s  425.8ms/step
[2026-05-28 12:32:17] KL                 step   112/800   14.0%  loss=1.455e+01  ess=0.317  elapsed=  47.6s  425.1ms/step
[2026-05-28 12:32:20] KL                 step   120/800   15.0%  loss=1.468e+01  ess=0.323  elapsed=  51.1s  426.1ms/step
[2026-05-28 12:32:24] KL                 step   128/800   16.0%  loss=1.475e+01  ess=0.297  elapsed=  54.5s  425.8ms/step
[2026-05-28 12:32:27] KL                 step   136/800   17.0%  loss=1.480e+01  ess=0.289  elapsed=  57.8s  425.3ms/step
[2026-05-28 12:32:31] KL                 step   144/800   18.0%  loss=1.474e+01  ess=0.315  elapsed=  61.2s  425.3ms/step
[2026-05-28 12:32:34] KL                 step   152/800   19.0%  loss=1.476e+01  ess=0.322  elapsed=  64.7s  425.3ms/step
[2026-05-28 12:32:37] KL                 step   160/800   20.0%  loss=1.482e+01  ess=0.317  elapsed=  68.0s  425.0ms/step
[2026-05-28 12:32:41] KL                 step   168/800   21.0%  loss=1.482e+01  ess=0.335  elapsed=  71.3s  424.6ms/step
[2026-05-28 12:32:44] KL                 step   176/800   22.0%  loss=1.495e+01  ess=0.329  elapsed=  74.6s  424.1ms/step
[2026-05-28 12:32:47] KL                 step   184/800   23.0%  loss=1.487e+01  ess=0.320  elapsed=  78.0s  423.7ms/step
[2026-05-28 12:32:51] KL                 step   192/800   24.0%  loss=1.468e+01  ess=0.334  elapsed=  81.3s  423.3ms/step
[2026-05-28 12:32:54] KL                 step   200/800   25.0%  loss=1.470e+01  ess=0.318  elapsed=  84.6s  423.0ms/step
[2026-05-28 12:32:58] KL                 step   208/800   26.0%  loss=1.485e+01  ess=0.313  elapsed=  88.2s  424.0ms/step
[2026-05-28 12:33:01] KL                 step   216/800   27.0%  loss=1.492e+01  ess=0.323  elapsed=  91.9s  425.6ms/step
[2026-05-28 12:33:05] KL                 step   224/800   28.0%  loss=1.474e+01  ess=0.318  elapsed=  95.5s  426.4ms/step
[2026-05-28 12:33:09] KL                 step   232/800   29.0%  loss=1.484e+01  ess=0.316  elapsed=  99.2s  427.6ms/step
[2026-05-28 12:33:12] KL                 step   240/800   30.0%  loss=1.461e+01  ess=0.329  elapsed= 102.7s  428.1ms/step
[2026-05-28 12:33:16] KL                 step   248/800   31.0%  loss=1.464e+01  ess=0.335  elapsed= 106.5s  429.6ms/step
[2026-05-28 12:33:19] KL                 step   256/800   32.0%  loss=1.478e+01  ess=0.327  elapsed= 110.0s  429.5ms/step
[2026-05-28 12:33:23] KL                 step   264/800   33.0%  loss=1.470e+01  ess=0.333  elapsed= 113.5s  429.7ms/step
[2026-05-28 12:33:26] KL                 step   272/800   34.0%  loss=1.479e+01  ess=0.330  elapsed= 116.8s  429.5ms/step
[2026-05-28 12:33:30] KL                 step   280/800   35.0%  loss=1.485e+01  ess=0.344  elapsed= 120.2s  429.2ms/step
[2026-05-28 12:33:33] KL                 step   288/800   36.0%  loss=1.479e+01  ess=0.335  elapsed= 123.5s  428.8ms/step
[2026-05-28 12:33:36] KL                 step   296/800   37.0%  loss=1.489e+01  ess=0.312  elapsed= 126.8s  428.4ms/step
[2026-05-28 12:33:39] KL                 step   304/800   38.0%  loss=1.482e+01  ess=0.322  elapsed= 130.1s  428.0ms/step
[2026-05-28 12:33:43] KL                 step   312/800   39.0%  loss=1.493e+01  ess=0.328  elapsed= 133.4s  427.7ms/step
[2026-05-28 12:33:46] KL                 step   320/800   40.0%  loss=1.476e+01  ess=0.342  elapsed= 136.9s  427.8ms/step
[2026-05-28 12:33:50] KL                 step   328/800   41.0%  loss=1.476e+01  ess=0.313  elapsed= 140.2s  427.5ms/step
[2026-05-28 12:33:53] KL                 step   336/800   42.0%  loss=1.480e+01  ess=0.349  elapsed= 143.5s  427.2ms/step
[2026-05-28 12:33:56] KL                 step   344/800   43.0%  loss=1.476e+01  ess=0.331  elapsed= 146.9s  426.9ms/step
[2026-05-28 12:34:00] KL                 step   352/800   44.0%  loss=1.466e+01  ess=0.332  elapsed= 150.2s  426.8ms/step
[2026-05-28 12:34:03] KL                 step   360/800   45.0%  loss=1.489e+01  ess=0.325  elapsed= 153.6s  426.8ms/step
[2026-05-28 12:34:06] KL                 step   368/800   46.0%  loss=1.488e+01  ess=0.315  elapsed= 157.0s  426.5ms/step
[2026-05-28 12:34:10] KL                 step   376/800   47.0%  loss=1.467e+01  ess=0.354  elapsed= 160.3s  426.3ms/step
[2026-05-28 12:34:13] KL                 step   384/800   48.0%  loss=1.476e+01  ess=0.342  elapsed= 163.6s  426.0ms/step
[2026-05-28 12:34:16] KL                 step   392/800   49.0%  loss=1.476e+01  ess=0.321  elapsed= 166.9s  425.8ms/step
[2026-05-28 12:34:20] KL                 step   400/800   50.0%  loss=1.480e+01  ess=0.332  elapsed= 170.2s  425.5ms/step
[2026-05-28 12:34:23] KL                 step   408/800   51.0%  loss=1.485e+01  ess=0.301  elapsed= 173.5s  425.3ms/step
[2026-05-28 12:34:26] KL                 step   416/800   52.0%  loss=1.481e+01  ess=0.326  elapsed= 176.8s  425.1ms/step
[2026-05-28 12:34:29] KL                 step   424/800   53.0%  loss=1.476e+01  ess=0.342  elapsed= 180.2s  424.9ms/step
[2026-05-28 12:34:33] KL                 step   432/800   54.0%  loss=1.458e+01  ess=0.344  elapsed= 183.5s  424.7ms/step
[2026-05-28 12:34:36] KL                 step   440/800   55.0%  loss=1.478e+01  ess=0.341  elapsed= 186.8s  424.5ms/step
[2026-05-28 12:34:39] KL                 step   448/800   56.0%  loss=1.477e+01  ess=0.338  elapsed= 190.1s  424.3ms/step
[2026-05-28 12:34:43] KL                 step   456/800   57.0%  loss=1.484e+01  ess=0.317  elapsed= 193.4s  424.1ms/step
[2026-05-28 12:34:46] KL                 step   464/800   58.0%  loss=1.468e+01  ess=0.327  elapsed= 196.7s  424.0ms/step
[2026-05-28 12:34:49] KL                 step   472/800   59.0%  loss=1.463e+01  ess=0.353  elapsed= 200.0s  423.8ms/step
[2026-05-28 12:34:53] KL                 step   480/800   60.0%  loss=1.469e+01  ess=0.340  elapsed= 203.3s  423.6ms/step
[2026-05-28 12:34:56] KL                 step   488/800   61.0%  loss=1.467e+01  ess=0.339  elapsed= 206.6s  423.5ms/step
[2026-05-28 12:34:59] KL                 step   496/800   62.0%  loss=1.476e+01  ess=0.343  elapsed= 210.0s  423.3ms/step
[2026-05-28 12:35:03] KL                 step   504/800   63.0%  loss=1.474e+01  ess=0.345  elapsed= 213.3s  423.2ms/step
[2026-05-28 12:35:06] KL                 step   512/800   64.0%  loss=1.483e+01  ess=0.326  elapsed= 216.6s  423.0ms/step
[2026-05-28 12:35:09] KL                 step   520/800   65.0%  loss=1.476e+01  ess=0.321  elapsed= 219.9s  422.9ms/step
[2026-05-28 12:35:13] KL                 step   528/800   66.0%  loss=1.472e+01  ess=0.328  elapsed= 223.2s  422.8ms/step
[2026-05-28 12:35:16] KL                 step   536/800   67.0%  loss=1.480e+01  ess=0.333  elapsed= 226.5s  422.6ms/step
[2026-05-28 12:35:19] KL                 step   544/800   68.0%  loss=1.478e+01  ess=0.331  elapsed= 229.9s  422.7ms/step
[2026-05-28 12:35:23] KL                 step   552/800   69.0%  loss=1.460e+01  ess=0.323  elapsed= 233.3s  422.6ms/step
[2026-05-28 12:35:26] KL                 step   560/800   70.0%  loss=1.487e+01  ess=0.331  elapsed= 236.6s  422.6ms/step
[2026-05-28 12:35:29] KL                 step   568/800   71.0%  loss=1.483e+01  ess=0.329  elapsed= 240.1s  422.6ms/step
[2026-05-28 12:35:33] KL                 step   576/800   72.0%  loss=1.465e+01  ess=0.351  elapsed= 243.4s  422.5ms/step
[2026-05-28 12:35:36] KL                 step   584/800   73.0%  loss=1.481e+01  ess=0.346  elapsed= 246.8s  422.6ms/step
[2026-05-28 12:35:39] KL                 step   592/800   74.0%  loss=1.470e+01  ess=0.352  elapsed= 250.1s  422.5ms/step
[2026-05-28 12:35:43] KL                 step   600/800   75.0%  loss=1.474e+01  ess=0.345  elapsed= 253.5s  422.6ms/step
[2026-05-28 12:35:46] KL                 step   608/800   76.0%  loss=1.487e+01  ess=0.338  elapsed= 256.9s  422.5ms/step
[2026-05-28 12:35:50] KL                 step   616/800   77.0%  loss=1.468e+01  ess=0.349  elapsed= 260.2s  422.4ms/step
[2026-05-28 12:35:53] KL                 step   624/800   78.0%  loss=1.479e+01  ess=0.336  elapsed= 263.6s  422.4ms/step
[2026-05-28 12:35:56] KL                 step   632/800   79.0%  loss=1.463e+01  ess=0.341  elapsed= 266.9s  422.3ms/step
[2026-05-28 12:36:00] KL                 step   640/800   80.0%  loss=1.497e+01  ess=0.319  elapsed= 270.2s  422.3ms/step
[2026-05-28 12:36:03] KL                 step   648/800   81.0%  loss=1.464e+01  ess=0.350  elapsed= 273.6s  422.2ms/step
[2026-05-28 12:36:06] KL                 step   656/800   82.0%  loss=1.478e+01  ess=0.346  elapsed= 276.9s  422.1ms/step
[2026-05-28 12:36:10] KL                 step   664/800   83.0%  loss=1.483e+01  ess=0.275  elapsed= 280.2s  422.0ms/step
[2026-05-28 12:36:13] KL                 step   672/800   84.0%  loss=1.472e+01  ess=0.351  elapsed= 283.5s  421.9ms/step
[2026-05-28 12:36:16] KL                 step   680/800   85.0%  loss=1.468e+01  ess=0.333  elapsed= 286.8s  421.8ms/step
[2026-05-28 12:36:19] KL                 step   688/800   86.0%  loss=1.473e+01  ess=0.328  elapsed= 290.1s  421.7ms/step
[2026-05-28 12:36:23] KL                 step   696/800   87.0%  loss=1.480e+01  ess=0.335  elapsed= 293.5s  421.6ms/step
[2026-05-28 12:36:26] KL                 step   704/800   88.0%  loss=1.458e+01  ess=0.336  elapsed= 296.8s  421.6ms/step
[2026-05-28 12:36:29] KL                 step   712/800   89.0%  loss=1.471e+01  ess=0.319  elapsed= 300.1s  421.5ms/step
[2026-05-28 12:36:33] KL                 step   720/800   90.0%  loss=1.483e+01  ess=0.327  elapsed= 303.4s  421.5ms/step
[2026-05-28 12:36:36] KL                 step   728/800   91.0%  loss=1.474e+01  ess=0.342  elapsed= 306.8s  421.4ms/step
[2026-05-28 12:36:39] KL                 step   736/800   92.0%  loss=1.465e+01  ess=0.351  elapsed= 310.1s  421.3ms/step
[2026-05-28 12:36:43] KL                 step   744/800   93.0%  loss=1.480e+01  ess=0.350  elapsed= 313.5s  421.4ms/step
[2026-05-28 12:36:46] KL                 step   752/800   94.0%  loss=1.471e+01  ess=0.342  elapsed= 317.0s  421.5ms/step
[2026-05-28 12:36:50] KL                 step   760/800   95.0%  loss=1.461e+01  ess=0.348  elapsed= 320.6s  421.9ms/step
[2026-05-28 12:36:53] KL                 step   768/800   96.0%  loss=1.466e+01  ess=0.354  elapsed= 324.1s  422.0ms/step
[2026-05-28 12:36:57] KL                 step   776/800   97.0%  loss=1.476e+01  ess=0.330  elapsed= 327.5s  422.0ms/step
[2026-05-28 12:37:00] KL                 step   784/800   98.0%  loss=1.477e+01  ess=0.340  elapsed= 330.8s  421.9ms/step
[2026-05-28 12:37:04] KL                 step   792/800   99.0%  loss=1.473e+01  ess=0.310  elapsed= 334.3s  422.1ms/step
[2026-05-28 12:37:07] KL                 step   800/800  100.0%  loss=1.483e+01  ess=0.343  elapsed= 337.6s  422.0ms/step
[2026-05-28 12:37:07] KL                 POST-TRAIN coarse_ess=0.3346  fine_ess=0.6232  modes=6/6  knn_cov=0.001  occ=['0.222', '0.077', '0.208', '0.218', '0.068', '0.207']
[2026-05-28 12:37:07] snapshot saved -> data.pth (1 methods)
[2026-05-28 12:37:07] === KL+X_mu ===
[2026-05-28 12:37:08] KL+X_mu            step     1/800    0.1%  loss=1.343e+01  ess=0.001  elapsed=   0.5s  490.7ms/step
[2026-05-28 12:37:11] KL+X_mu            step     8/800    1.0%  loss=1.509e+01  ess=0.001  elapsed=   4.0s  500.8ms/step
[2026-05-28 12:37:15] KL+X_mu            step    16/800    2.0%  loss=1.578e+01  ess=0.002  elapsed=   8.0s  497.9ms/step
[2026-05-28 12:37:19] KL+X_mu            step    24/800    3.0%  loss=1.953e+01  ess=0.000  elapsed=  11.9s  497.6ms/step
[2026-05-28 12:37:23] KL+X_mu            step    32/800    4.0%  loss=1.860e+01  ess=0.002  elapsed=  15.8s  494.9ms/step
[2026-05-28 12:37:27] KL+X_mu            step    40/800    5.0%  loss=2.022e+01  ess=0.001  elapsed=  19.7s  493.6ms/step
[2026-05-28 12:37:31] KL+X_mu            step    48/800    6.0%  loss=2.127e+01  ess=0.001  elapsed=  23.8s  495.8ms/step
[2026-05-28 12:37:35] KL+X_mu            step    56/800    7.0%  loss=2.253e+01  ess=0.001  elapsed=  27.7s  494.1ms/step
[2026-05-28 12:37:39] KL+X_mu            step    64/800    8.0%  loss=2.269e+01  ess=0.001  elapsed=  31.5s  492.5ms/step
[2026-05-28 12:37:43] KL+X_mu            step    72/800    9.0%  loss=2.115e+01  ess=0.004  elapsed=  35.3s  490.9ms/step
[2026-05-28 12:37:47] KL+X_mu            step    80/800   10.0%  loss=2.078e+01  ess=0.003  elapsed=  39.2s  490.5ms/step
[2026-05-28 12:37:51] KL+X_mu            step    88/800   11.0%  loss=2.130e+01  ess=0.006  elapsed=  43.2s  491.4ms/step
[2026-05-28 12:37:55] KL+X_mu            step    96/800   12.0%  loss=2.139e+01  ess=0.002  elapsed=  47.2s  491.8ms/step
[2026-05-28 12:37:59] KL+X_mu            step   104/800   13.0%  loss=2.069e+01  ess=0.007  elapsed=  51.1s  491.8ms/step
[2026-05-28 12:38:02] KL+X_mu            step   112/800   14.0%  loss=1.972e+01  ess=0.035  elapsed=  55.1s  491.5ms/step
[2026-05-28 12:38:06] KL+X_mu            step   120/800   15.0%  loss=1.896e+01  ess=0.080  elapsed=  59.0s  491.3ms/step
[2026-05-28 12:38:10] KL+X_mu            step   128/800   16.0%  loss=1.950e+01  ess=0.082  elapsed=  62.9s  491.2ms/step
[2026-05-28 12:38:14] KL+X_mu            step   136/800   17.0%  loss=1.893e+01  ess=0.154  elapsed=  66.7s  490.7ms/step
[2026-05-28 12:38:18] KL+X_mu            step   144/800   18.0%  loss=1.866e+01  ess=0.204  elapsed=  70.6s  490.2ms/step
[2026-05-28 12:38:22] KL+X_mu            step   152/800   19.0%  loss=1.878e+01  ess=0.204  elapsed=  74.6s  490.5ms/step
[2026-05-28 12:38:26] KL+X_mu            step   160/800   20.0%  loss=1.904e+01  ess=0.236  elapsed=  78.5s  490.9ms/step
[2026-05-28 12:38:30] KL+X_mu            step   168/800   21.0%  loss=1.918e+01  ess=0.262  elapsed=  82.4s  490.4ms/step
[2026-05-28 12:38:34] KL+X_mu            step   176/800   22.0%  loss=1.879e+01  ess=0.236  elapsed=  86.3s  490.6ms/step
[2026-05-28 12:38:38] KL+X_mu            step   184/800   23.0%  loss=1.879e+01  ess=0.280  elapsed=  90.2s  490.2ms/step
[2026-05-28 12:38:41] KL+X_mu            step   192/800   24.0%  loss=1.878e+01  ess=0.136  elapsed=  94.0s  489.6ms/step
[2026-05-28 12:38:45] KL+X_mu            step   200/800   25.0%  loss=1.892e+01  ess=0.288  elapsed=  97.9s  489.5ms/step
[2026-05-28 12:38:49] KL+X_mu            step   208/800   26.0%  loss=1.895e+01  ess=0.292  elapsed= 101.9s  489.9ms/step
[2026-05-28 12:38:53] KL+X_mu            step   216/800   27.0%  loss=1.873e+01  ess=0.305  elapsed= 105.8s  489.8ms/step
[2026-05-28 12:38:57] KL+X_mu            step   224/800   28.0%  loss=1.876e+01  ess=0.310  elapsed= 109.6s  489.4ms/step
[2026-05-28 12:39:01] KL+X_mu            step   232/800   29.0%  loss=1.915e+01  ess=0.317  elapsed= 113.4s  488.9ms/step
[2026-05-28 12:39:05] KL+X_mu            step   240/800   30.0%  loss=1.906e+01  ess=0.301  elapsed= 117.3s  488.8ms/step
[2026-05-28 12:39:09] KL+X_mu            step   248/800   31.0%  loss=1.850e+01  ess=0.325  elapsed= 121.1s  488.4ms/step
[2026-05-28 12:39:12] KL+X_mu            step   256/800   32.0%  loss=1.904e+01  ess=0.325  elapsed= 124.9s  488.1ms/step
[2026-05-28 12:39:16] KL+X_mu            step   264/800   33.0%  loss=1.868e+01  ess=0.347  elapsed= 128.7s  487.7ms/step
[2026-05-28 12:39:20] KL+X_mu            step   272/800   34.0%  loss=1.876e+01  ess=0.343  elapsed= 132.6s  487.4ms/step
[2026-05-28 12:39:24] KL+X_mu            step   280/800   35.0%  loss=1.867e+01  ess=0.339  elapsed= 136.6s  487.8ms/step
[2026-05-28 12:39:28] KL+X_mu            step   288/800   36.0%  loss=1.906e+01  ess=0.325  elapsed= 140.5s  487.7ms/step
[2026-05-28 12:39:32] KL+X_mu            step   296/800   37.0%  loss=1.914e+01  ess=0.346  elapsed= 144.5s  488.0ms/step
[2026-05-28 12:39:36] KL+X_mu            step   304/800   38.0%  loss=1.837e+01  ess=0.342  elapsed= 148.3s  487.7ms/step
[2026-05-28 12:39:40] KL+X_mu            step   312/800   39.0%  loss=1.876e+01  ess=0.353  elapsed= 152.1s  487.5ms/step
[2026-05-28 12:39:43] KL+X_mu            step   320/800   40.0%  loss=1.899e+01  ess=0.336  elapsed= 156.1s  487.7ms/step
[2026-05-28 12:39:47] KL+X_mu            step   328/800   41.0%  loss=1.895e+01  ess=0.342  elapsed= 159.9s  487.4ms/step
[2026-05-28 12:39:51] KL+X_mu            step   336/800   42.0%  loss=1.875e+01  ess=0.328  elapsed= 163.8s  487.5ms/step
[2026-05-28 12:39:55] KL+X_mu            step   344/800   43.0%  loss=1.879e+01  ess=0.327  elapsed= 167.8s  487.7ms/step
[2026-05-28 12:39:59] KL+X_mu            step   352/800   44.0%  loss=1.858e+01  ess=0.341  elapsed= 171.7s  487.9ms/step
[2026-05-28 12:40:03] KL+X_mu            step   360/800   45.0%  loss=1.865e+01  ess=0.337  elapsed= 175.5s  487.6ms/step
[2026-05-28 12:40:07] KL+X_mu            step   368/800   46.0%  loss=1.897e+01  ess=0.340  elapsed= 179.4s  487.4ms/step
[2026-05-28 12:40:11] KL+X_mu            step   376/800   47.0%  loss=1.877e+01  ess=0.327  elapsed= 183.2s  487.1ms/step
[2026-05-28 12:40:14] KL+X_mu            step   384/800   48.0%  loss=1.877e+01  ess=0.347  elapsed= 187.0s  486.9ms/step
[2026-05-28 12:40:18] KL+X_mu            step   392/800   49.0%  loss=1.897e+01  ess=0.330  elapsed= 190.9s  487.0ms/step
[2026-05-28 12:40:22] KL+X_mu            step   400/800   50.0%  loss=1.883e+01  ess=0.342  elapsed= 194.8s  487.0ms/step
[2026-05-28 12:40:26] KL+X_mu            step   408/800   51.0%  loss=1.881e+01  ess=0.331  elapsed= 198.8s  487.4ms/step
[2026-05-28 12:40:30] KL+X_mu            step   416/800   52.0%  loss=1.897e+01  ess=0.349  elapsed= 202.8s  487.6ms/step
[2026-05-28 12:40:34] KL+X_mu            step   424/800   53.0%  loss=1.885e+01  ess=0.354  elapsed= 206.6s  487.3ms/step
[2026-05-28 12:40:38] KL+X_mu            step   432/800   54.0%  loss=1.885e+01  ess=0.353  elapsed= 210.5s  487.2ms/step
[2026-05-28 12:40:42] KL+X_mu            step   440/800   55.0%  loss=1.880e+01  ess=0.355  elapsed= 214.5s  487.5ms/step
[2026-05-28 12:40:46] KL+X_mu            step   448/800   56.0%  loss=1.899e+01  ess=0.324  elapsed= 218.3s  487.3ms/step
[2026-05-28 12:40:50] KL+X_mu            step   456/800   57.0%  loss=1.878e+01  ess=0.312  elapsed= 222.3s  487.6ms/step
[2026-05-28 12:40:54] KL+X_mu            step   464/800   58.0%  loss=1.887e+01  ess=0.335  elapsed= 226.3s  487.6ms/step
[2026-05-28 12:40:58] KL+X_mu            step   472/800   59.0%  loss=1.893e+01  ess=0.336  elapsed= 230.2s  487.7ms/step
[2026-05-28 12:41:01] KL+X_mu            step   480/800   60.0%  loss=1.880e+01  ess=0.356  elapsed= 234.0s  487.5ms/step
[2026-05-28 12:41:05] KL+X_mu            step   488/800   61.0%  loss=1.860e+01  ess=0.321  elapsed= 237.8s  487.4ms/step
[2026-05-28 12:41:09] KL+X_mu            step   496/800   62.0%  loss=1.882e+01  ess=0.320  elapsed= 241.6s  487.2ms/step
[2026-05-28 12:41:13] KL+X_mu            step   504/800   63.0%  loss=1.888e+01  ess=0.340  elapsed= 245.6s  487.2ms/step
[2026-05-28 12:41:17] KL+X_mu            step   512/800   64.0%  loss=1.863e+01  ess=0.343  elapsed= 249.5s  487.2ms/step
[2026-05-28 12:41:21] KL+X_mu            step   520/800   65.0%  loss=1.850e+01  ess=0.355  elapsed= 253.6s  487.6ms/step
[2026-05-28 12:41:25] KL+X_mu            step   528/800   66.0%  loss=1.848e+01  ess=0.337  elapsed= 257.7s  488.0ms/step
[2026-05-28 12:41:29] KL+X_mu            step   536/800   67.0%  loss=1.882e+01  ess=0.358  elapsed= 261.8s  488.3ms/step
[2026-05-28 12:41:33] KL+X_mu            step   544/800   68.0%  loss=1.875e+01  ess=0.340  elapsed= 265.8s  488.7ms/step
[2026-05-28 12:41:37] KL+X_mu            step   552/800   69.0%  loss=1.849e+01  ess=0.355  elapsed= 269.7s  488.6ms/step
[2026-05-28 12:41:41] KL+X_mu            step   560/800   70.0%  loss=1.886e+01  ess=0.338  elapsed= 273.8s  488.9ms/step
[2026-05-28 12:41:45] KL+X_mu            step   568/800   71.0%  loss=1.848e+01  ess=0.341  elapsed= 277.8s  489.1ms/step
[2026-05-28 12:41:49] KL+X_mu            step   576/800   72.0%  loss=1.872e+01  ess=0.349  elapsed= 281.7s  489.1ms/step
[2026-05-28 12:41:53] KL+X_mu            step   584/800   73.0%  loss=1.893e+01  ess=0.353  elapsed= 285.6s  489.0ms/step
[2026-05-28 12:41:57] KL+X_mu            step   592/800   74.0%  loss=1.884e+01  ess=0.345  elapsed= 290.0s  489.9ms/step
[2026-05-28 12:42:02] KL+X_mu            step   600/800   75.0%  loss=1.961e+01  ess=0.337  elapsed= 294.7s  491.2ms/step
[2026-05-28 12:42:06] KL+X_mu            step   608/800   76.0%  loss=1.857e+01  ess=0.354  elapsed= 298.5s  491.0ms/step
[2026-05-28 12:42:11] KL+X_mu            step   616/800   77.0%  loss=1.870e+01  ess=0.355  elapsed= 303.2s  492.2ms/step
[2026-05-28 12:42:15] KL+X_mu            step   624/800   78.0%  loss=1.903e+01  ess=0.335  elapsed= 307.8s  493.2ms/step
[2026-05-28 12:42:19] KL+X_mu            step   632/800   79.0%  loss=1.918e+01  ess=0.347  elapsed= 311.6s  493.1ms/step
[2026-05-28 12:42:23] KL+X_mu            step   640/800   80.0%  loss=1.933e+01  ess=0.316  elapsed= 315.6s  493.1ms/step
[2026-05-28 12:42:27] KL+X_mu            step   648/800   81.0%  loss=1.871e+01  ess=0.340  elapsed= 319.5s  493.0ms/step
[2026-05-28 12:42:31] KL+X_mu            step   656/800   82.0%  loss=1.911e+01  ess=0.348  elapsed= 323.3s  492.8ms/step
[2026-05-28 12:42:35] KL+X_mu            step   664/800   83.0%  loss=1.868e+01  ess=0.361  elapsed= 327.1s  492.6ms/step
[2026-05-28 12:42:38] KL+X_mu            step   672/800   84.0%  loss=1.876e+01  ess=0.345  elapsed= 331.0s  492.6ms/step
[2026-05-28 12:42:42] KL+X_mu            step   680/800   85.0%  loss=1.897e+01  ess=0.345  elapsed= 335.0s  492.6ms/step
[2026-05-28 12:42:46] KL+X_mu            step   688/800   86.0%  loss=1.876e+01  ess=0.338  elapsed= 338.9s  492.6ms/step
[2026-05-28 12:42:50] KL+X_mu            step   696/800   87.0%  loss=1.869e+01  ess=0.348  elapsed= 342.7s  492.4ms/step
[2026-05-28 12:42:54] KL+X_mu            step   704/800   88.0%  loss=1.883e+01  ess=0.356  elapsed= 346.6s  492.3ms/step
[2026-05-28 12:42:58] KL+X_mu            step   712/800   89.0%  loss=1.941e+01  ess=0.350  elapsed= 350.5s  492.2ms/step
[2026-05-28 12:43:02] KL+X_mu            step   720/800   90.0%  loss=1.885e+01  ess=0.346  elapsed= 354.4s  492.3ms/step
[2026-05-28 12:43:06] KL+X_mu            step   728/800   91.0%  loss=1.870e+01  ess=0.352  elapsed= 358.2s  492.1ms/step
[2026-05-28 12:43:09] KL+X_mu            step   736/800   92.0%  loss=1.849e+01  ess=0.340  elapsed= 362.0s  491.9ms/step
[2026-05-28 12:43:13] KL+X_mu            step   744/800   93.0%  loss=1.865e+01  ess=0.356  elapsed= 365.9s  491.7ms/step
[2026-05-28 12:43:17] KL+X_mu            step   752/800   94.0%  loss=1.879e+01  ess=0.353  elapsed= 369.7s  491.6ms/step
[2026-05-28 12:43:21] KL+X_mu            step   760/800   95.0%  loss=1.902e+01  ess=0.354  elapsed= 373.5s  491.4ms/step
[2026-05-28 12:43:25] KL+X_mu            step   768/800   96.0%  loss=1.867e+01  ess=0.347  elapsed= 377.3s  491.3ms/step
[2026-05-28 12:43:29] KL+X_mu            step   776/800   97.0%  loss=1.829e+01  ess=0.361  elapsed= 381.1s  491.1ms/step
[2026-05-28 12:43:32] KL+X_mu            step   784/800   98.0%  loss=1.881e+01  ess=0.348  elapsed= 384.9s  490.9ms/step
[2026-05-28 12:43:36] KL+X_mu            step   792/800   99.0%  loss=1.918e+01  ess=0.349  elapsed= 388.7s  490.8ms/step
[2026-05-28 12:43:40] KL+X_mu            step   800/800  100.0%  loss=1.868e+01  ess=0.350  elapsed= 392.5s  490.6ms/step
[2026-05-28 12:43:40] KL+X_mu            POST-TRAIN coarse_ess=0.3582  fine_ess=0.6284  modes=6/6  knn_cov=0.002  occ=['0.207', '0.067', '0.200', '0.225', '0.079', '0.221']
[2026-05-28 12:43:40] snapshot saved -> data.pth (2 methods)
[2026-05-28 12:43:40] === KL+X_mu+X_hat_mu ===
[2026-05-28 12:43:41] KL+X_mu+X_hat_mu   step     1/800    0.1%  loss=1.651e+01  ess=0.001  elapsed=   0.6s  573.5ms/step
[2026-05-28 12:43:45] KL+X_mu+X_hat_mu   step     8/800    1.0%  loss=2.243e+01  ess=0.000  elapsed=   4.6s  574.7ms/step
[2026-05-28 12:43:50] KL+X_mu+X_hat_mu   step    16/800    2.0%  loss=2.150e+01  ess=0.001  elapsed=   9.2s  575.1ms/step
[2026-05-28 12:43:54] KL+X_mu+X_hat_mu   step    24/800    3.0%  loss=2.589e+01  ess=0.001  elapsed=  13.9s  580.1ms/step
[2026-05-28 12:43:59] KL+X_mu+X_hat_mu   step    32/800    4.0%  loss=2.558e+01  ess=0.000  elapsed=  18.7s  584.7ms/step
[2026-05-28 12:44:04] KL+X_mu+X_hat_mu   step    40/800    5.0%  loss=2.287e+01  ess=0.002  elapsed=  23.3s  582.7ms/step
[2026-05-28 12:44:09] KL+X_mu+X_hat_mu   step    48/800    6.0%  loss=2.578e+01  ess=0.000  elapsed=  28.1s  586.2ms/step
[2026-05-28 12:44:13] KL+X_mu+X_hat_mu   step    56/800    7.0%  loss=2.183e+01  ess=0.011  elapsed=  32.9s  587.5ms/step
[2026-05-28 12:44:18] KL+X_mu+X_hat_mu   step    64/800    8.0%  loss=2.283e+01  ess=0.022  elapsed=  37.6s  588.1ms/step
[2026-05-28 12:44:23] KL+X_mu+X_hat_mu   step    72/800    9.0%  loss=2.390e+01  ess=0.012  elapsed=  42.3s  587.2ms/step
[2026-05-28 12:44:27] KL+X_mu+X_hat_mu   step    80/800   10.0%  loss=1.972e+01  ess=0.155  elapsed=  46.9s  585.9ms/step
[2026-05-28 12:44:32] KL+X_mu+X_hat_mu   step    88/800   11.0%  loss=1.985e+01  ess=0.181  elapsed=  51.6s  585.8ms/step
[2026-05-28 12:44:37] KL+X_mu+X_hat_mu   step    96/800   12.0%  loss=1.964e+01  ess=0.209  elapsed=  56.4s  587.5ms/step
[2026-05-28 12:44:42] KL+X_mu+X_hat_mu   step   104/800   13.0%  loss=2.009e+01  ess=0.239  elapsed=  61.2s  588.1ms/step
[2026-05-28 12:44:46] KL+X_mu+X_hat_mu   step   112/800   14.0%  loss=2.020e+01  ess=0.260  elapsed=  65.8s  587.2ms/step
[2026-05-28 12:44:51] KL+X_mu+X_hat_mu   step   120/800   15.0%  loss=1.990e+01  ess=0.289  elapsed=  70.4s  586.3ms/step
[2026-05-28 12:44:55] KL+X_mu+X_hat_mu   step   128/800   16.0%  loss=1.977e+01  ess=0.283  elapsed=  75.0s  585.5ms/step
[2026-05-28 12:45:00] KL+X_mu+X_hat_mu   step   136/800   17.0%  loss=2.023e+01  ess=0.279  elapsed=  79.6s  584.9ms/step
[2026-05-28 12:45:05] KL+X_mu+X_hat_mu   step   144/800   18.0%  loss=1.986e+01  ess=0.301  elapsed=  84.3s  585.3ms/step
[2026-05-28 12:45:09] KL+X_mu+X_hat_mu   step   152/800   19.0%  loss=1.977e+01  ess=0.301  elapsed=  88.9s  584.8ms/step
[2026-05-28 12:45:14] KL+X_mu+X_hat_mu   step   160/800   20.0%  loss=1.986e+01  ess=0.319  elapsed=  93.5s  584.6ms/step
[2026-05-28 12:45:19] KL+X_mu+X_hat_mu   step   168/800   21.0%  loss=1.976e+01  ess=0.323  elapsed=  98.2s  584.2ms/step
[2026-05-28 12:45:23] KL+X_mu+X_hat_mu   step   176/800   22.0%  loss=2.021e+01  ess=0.321  elapsed= 102.8s  583.8ms/step
[2026-05-28 12:45:28] KL+X_mu+X_hat_mu   step   184/800   23.0%  loss=2.035e+01  ess=0.320  elapsed= 107.4s  583.5ms/step
[2026-05-28 12:45:32] KL+X_mu+X_hat_mu   step   192/800   24.0%  loss=1.965e+01  ess=0.336  elapsed= 112.0s  583.1ms/step
[2026-05-28 12:45:37] KL+X_mu+X_hat_mu   step   200/800   25.0%  loss=1.997e+01  ess=0.321  elapsed= 116.5s  582.7ms/step
[2026-05-28 12:45:42] KL+X_mu+X_hat_mu   step   208/800   26.0%  loss=1.990e+01  ess=0.308  elapsed= 121.1s  582.4ms/step
[2026-05-28 12:45:46] KL+X_mu+X_hat_mu   step   216/800   27.0%  loss=1.977e+01  ess=0.319  elapsed= 125.7s  582.2ms/step
[2026-05-28 12:45:51] KL+X_mu+X_hat_mu   step   224/800   28.0%  loss=1.966e+01  ess=0.328  elapsed= 130.4s  581.9ms/step
[2026-05-28 12:45:55] KL+X_mu+X_hat_mu   step   232/800   29.0%  loss=2.031e+01  ess=0.293  elapsed= 135.0s  581.7ms/step
[2026-05-28 12:46:00] KL+X_mu+X_hat_mu   step   240/800   30.0%  loss=2.018e+01  ess=0.325  elapsed= 139.6s  581.5ms/step
[2026-05-28 12:46:05] KL+X_mu+X_hat_mu   step   248/800   31.0%  loss=2.015e+01  ess=0.325  elapsed= 144.2s  581.3ms/step
[2026-05-28 12:46:09] KL+X_mu+X_hat_mu   step   256/800   32.0%  loss=1.990e+01  ess=0.333  elapsed= 148.8s  581.1ms/step
[2026-05-28 12:46:14] KL+X_mu+X_hat_mu   step   264/800   33.0%  loss=1.987e+01  ess=0.334  elapsed= 153.4s  580.9ms/step
[2026-05-28 12:46:19] KL+X_mu+X_hat_mu   step   272/800   34.0%  loss=1.983e+01  ess=0.320  elapsed= 158.4s  582.2ms/step
[2026-05-28 12:46:23] KL+X_mu+X_hat_mu   step   280/800   35.0%  loss=1.983e+01  ess=0.313  elapsed= 163.1s  582.4ms/step
[2026-05-28 12:46:29] KL+X_mu+X_hat_mu   step   288/800   36.0%  loss=1.974e+01  ess=0.324  elapsed= 168.1s  583.7ms/step
[2026-05-28 12:46:33] KL+X_mu+X_hat_mu   step   296/800   37.0%  loss=1.981e+01  ess=0.336  elapsed= 172.8s  583.7ms/step
[2026-05-28 12:46:38] KL+X_mu+X_hat_mu   step   304/800   38.0%  loss=2.012e+01  ess=0.276  elapsed= 177.4s  583.5ms/step
[2026-05-28 12:46:42] KL+X_mu+X_hat_mu   step   312/800   39.0%  loss=2.006e+01  ess=0.339  elapsed= 182.0s  583.2ms/step
[2026-05-28 12:46:47] KL+X_mu+X_hat_mu   step   320/800   40.0%  loss=2.017e+01  ess=0.351  elapsed= 186.6s  583.2ms/step
[2026-05-28 12:46:52] KL+X_mu+X_hat_mu   step   328/800   41.0%  loss=1.963e+01  ess=0.325  elapsed= 191.4s  583.7ms/step
[2026-05-28 12:46:57] KL+X_mu+X_hat_mu   step   336/800   42.0%  loss=1.996e+01  ess=0.334  elapsed= 196.3s  584.1ms/step
[2026-05-28 12:47:01] KL+X_mu+X_hat_mu   step   344/800   43.0%  loss=1.980e+01  ess=0.340  elapsed= 200.9s  584.0ms/step
[2026-05-28 12:47:06] KL+X_mu+X_hat_mu   step   352/800   44.0%  loss=1.954e+01  ess=0.344  elapsed= 205.6s  584.1ms/step
[2026-05-28 12:47:11] KL+X_mu+X_hat_mu   step   360/800   45.0%  loss=1.980e+01  ess=0.329  elapsed= 210.3s  584.1ms/step
[2026-05-28 12:47:16] KL+X_mu+X_hat_mu   step   368/800   46.0%  loss=1.927e+01  ess=0.329  elapsed= 215.4s  585.3ms/step
[2026-05-28 12:47:22] KL+X_mu+X_hat_mu   step   376/800   47.0%  loss=1.950e+01  ess=0.356  elapsed= 221.1s  588.1ms/step
[2026-05-28 12:47:26] KL+X_mu+X_hat_mu   step   384/800   48.0%  loss=1.946e+01  ess=0.343  elapsed= 225.8s  587.9ms/step
[2026-05-28 12:47:32] KL+X_mu+X_hat_mu   step   392/800   49.0%  loss=1.971e+01  ess=0.329  elapsed= 231.6s  590.9ms/step
[2026-05-28 12:47:37] KL+X_mu+X_hat_mu   step   400/800   50.0%  loss=1.924e+01  ess=0.334  elapsed= 236.7s  591.8ms/step
[2026-05-28 12:47:42] KL+X_mu+X_hat_mu   step   408/800   51.0%  loss=2.004e+01  ess=0.323  elapsed= 241.3s  591.5ms/step
[2026-05-28 12:47:46] KL+X_mu+X_hat_mu   step   416/800   52.0%  loss=2.010e+01  ess=0.356  elapsed= 245.9s  591.1ms/step
[2026-05-28 12:47:51] KL+X_mu+X_hat_mu   step   424/800   53.0%  loss=1.985e+01  ess=0.343  elapsed= 250.6s  591.0ms/step
[2026-05-28 12:47:56] KL+X_mu+X_hat_mu   step   432/800   54.0%  loss=1.992e+01  ess=0.338  elapsed= 255.3s  590.9ms/step
[2026-05-28 12:48:01] KL+X_mu+X_hat_mu   step   440/800   55.0%  loss=1.966e+01  ess=0.339  elapsed= 260.3s  591.6ms/step
[2026-05-28 12:48:05] KL+X_mu+X_hat_mu   step   448/800   56.0%  loss=1.959e+01  ess=0.343  elapsed= 265.0s  591.5ms/step
[2026-05-28 12:48:10] KL+X_mu+X_hat_mu   step   456/800   57.0%  loss=1.997e+01  ess=0.339  elapsed= 269.6s  591.2ms/step
[2026-05-28 12:48:15] KL+X_mu+X_hat_mu   step   464/800   58.0%  loss=1.979e+01  ess=0.327  elapsed= 274.5s  591.6ms/step
[2026-05-28 12:48:20] KL+X_mu+X_hat_mu   step   472/800   59.0%  loss=2.032e+01  ess=0.311  elapsed= 279.5s  592.1ms/step
[2026-05-28 12:48:25] KL+X_mu+X_hat_mu   step   480/800   60.0%  loss=2.002e+01  ess=0.318  elapsed= 284.4s  592.4ms/step
[2026-05-28 12:48:29] KL+X_mu+X_hat_mu   step   488/800   61.0%  loss=2.014e+01  ess=0.342  elapsed= 289.1s  592.3ms/step
[2026-05-28 12:48:34] KL+X_mu+X_hat_mu   step   496/800   62.0%  loss=1.970e+01  ess=0.335  elapsed= 293.9s  592.6ms/step
[2026-05-28 12:48:39] KL+X_mu+X_hat_mu   step   504/800   63.0%  loss=2.002e+01  ess=0.331  elapsed= 298.7s  592.7ms/step
[2026-05-28 12:48:45] KL+X_mu+X_hat_mu   step   512/800   64.0%  loss=1.984e+01  ess=0.339  elapsed= 304.5s  594.7ms/step
[2026-05-28 12:48:50] KL+X_mu+X_hat_mu   step   520/800   65.0%  loss=2.015e+01  ess=0.349  elapsed= 309.4s  595.0ms/step
[2026-05-28 12:48:55] KL+X_mu+X_hat_mu   step   528/800   66.0%  loss=1.968e+01  ess=0.354  elapsed= 314.2s  595.1ms/step
[2026-05-28 12:49:00] KL+X_mu+X_hat_mu   step   536/800   67.0%  loss=1.950e+01  ess=0.347  elapsed= 319.2s  595.4ms/step
[2026-05-28 12:49:06] KL+X_mu+X_hat_mu   step   544/800   68.0%  loss=1.981e+01  ess=0.344  elapsed= 325.4s  598.1ms/step
[2026-05-28 12:49:11] KL+X_mu+X_hat_mu   step   552/800   69.0%  loss=2.003e+01  ess=0.353  elapsed= 330.2s  598.2ms/step
[2026-05-28 12:49:15] KL+X_mu+X_hat_mu   step   560/800   70.0%  loss=1.993e+01  ess=0.342  elapsed= 335.1s  598.3ms/step
[2026-05-28 12:49:20] KL+X_mu+X_hat_mu   step   568/800   71.0%  loss=1.935e+01  ess=0.352  elapsed= 339.7s  598.0ms/step
[2026-05-28 12:49:25] KL+X_mu+X_hat_mu   step   576/800   72.0%  loss=1.967e+01  ess=0.354  elapsed= 344.3s  597.7ms/step
[2026-05-28 12:49:29] KL+X_mu+X_hat_mu   step   584/800   73.0%  loss=2.022e+01  ess=0.327  elapsed= 348.9s  597.4ms/step
[2026-05-28 12:49:34] KL+X_mu+X_hat_mu   step   592/800   74.0%  loss=1.967e+01  ess=0.360  elapsed= 353.5s  597.1ms/step
[2026-05-28 12:49:38] KL+X_mu+X_hat_mu   step   600/800   75.0%  loss=2.033e+01  ess=0.331  elapsed= 358.1s  596.8ms/step
[2026-05-28 12:49:43] KL+X_mu+X_hat_mu   step   608/800   76.0%  loss=1.999e+01  ess=0.334  elapsed= 362.7s  596.5ms/step
[2026-05-28 12:49:48] KL+X_mu+X_hat_mu   step   616/800   77.0%  loss=1.967e+01  ess=0.359  elapsed= 367.3s  596.3ms/step
[2026-05-28 12:49:52] KL+X_mu+X_hat_mu   step   624/800   78.0%  loss=1.995e+01  ess=0.341  elapsed= 371.9s  596.0ms/step
[2026-05-28 12:49:57] KL+X_mu+X_hat_mu   step   632/800   79.0%  loss=1.950e+01  ess=0.350  elapsed= 376.5s  595.7ms/step
[2026-05-28 12:50:02] KL+X_mu+X_hat_mu   step   640/800   80.0%  loss=1.953e+01  ess=0.350  elapsed= 381.2s  595.6ms/step
[2026-05-28 12:50:06] KL+X_mu+X_hat_mu   step   648/800   81.0%  loss=1.997e+01  ess=0.344  elapsed= 385.8s  595.3ms/step
[2026-05-28 12:50:11] KL+X_mu+X_hat_mu   step   656/800   82.0%  loss=1.984e+01  ess=0.342  elapsed= 390.4s  595.1ms/step
[2026-05-28 12:50:15] KL+X_mu+X_hat_mu   step   664/800   83.0%  loss=2.018e+01  ess=0.342  elapsed= 395.0s  594.9ms/step
[2026-05-28 12:50:20] KL+X_mu+X_hat_mu   step   672/800   84.0%  loss=2.006e+01  ess=0.358  elapsed= 399.9s  595.1ms/step
[2026-05-28 12:50:25] KL+X_mu+X_hat_mu   step   680/800   85.0%  loss=2.004e+01  ess=0.356  elapsed= 404.6s  595.0ms/step
[2026-05-28 12:50:30] KL+X_mu+X_hat_mu   step   688/800   86.0%  loss=1.978e+01  ess=0.341  elapsed= 409.4s  595.1ms/step
[2026-05-28 12:50:35] KL+X_mu+X_hat_mu   step   696/800   87.0%  loss=1.981e+01  ess=0.334  elapsed= 414.2s  595.1ms/step
[2026-05-28 12:50:39] KL+X_mu+X_hat_mu   step   704/800   88.0%  loss=1.986e+01  ess=0.340  elapsed= 418.9s  595.1ms/step
[2026-05-28 12:50:44] KL+X_mu+X_hat_mu   step   712/800   89.0%  loss=1.981e+01  ess=0.347  elapsed= 423.7s  595.1ms/step
[2026-05-28 12:50:49] KL+X_mu+X_hat_mu   step   720/800   90.0%  loss=1.967e+01  ess=0.362  elapsed= 428.4s  595.0ms/step
[2026-05-28 12:50:54] KL+X_mu+X_hat_mu   step   728/800   91.0%  loss=1.937e+01  ess=0.368  elapsed= 433.1s  594.9ms/step
[2026-05-28 12:50:58] KL+X_mu+X_hat_mu   step   736/800   92.0%  loss=2.000e+01  ess=0.352  elapsed= 437.8s  594.8ms/step
[2026-05-28 12:51:03] KL+X_mu+X_hat_mu   step   744/800   93.0%  loss=1.976e+01  ess=0.339  elapsed= 442.5s  594.7ms/step
[2026-05-28 12:51:08] KL+X_mu+X_hat_mu   step   752/800   94.0%  loss=1.961e+01  ess=0.355  elapsed= 447.2s  594.6ms/step
[2026-05-28 12:51:12] KL+X_mu+X_hat_mu   step   760/800   95.0%  loss=2.012e+01  ess=0.355  elapsed= 452.0s  594.7ms/step
[2026-05-28 12:51:17] KL+X_mu+X_hat_mu   step   768/800   96.0%  loss=1.945e+01  ess=0.351  elapsed= 456.7s  594.7ms/step
[2026-05-28 12:51:22] KL+X_mu+X_hat_mu   step   776/800   97.0%  loss=1.989e+01  ess=0.352  elapsed= 461.4s  594.6ms/step
[2026-05-28 12:51:27] KL+X_mu+X_hat_mu   step   784/800   98.0%  loss=1.973e+01  ess=0.330  elapsed= 466.4s  594.9ms/step
[2026-05-28 12:51:32] KL+X_mu+X_hat_mu   step   792/800   99.0%  loss=1.928e+01  ess=0.351  elapsed= 471.3s  595.0ms/step
[2026-05-28 12:51:37] KL+X_mu+X_hat_mu   step   800/800  100.0%  loss=1.992e+01  ess=0.357  elapsed= 476.1s  595.1ms/step
[2026-05-28 12:51:37] KL+X_mu+X_hat_mu   POST-TRAIN coarse_ess=0.3513  fine_ess=0.6257  modes=6/6  knn_cov=0.001  occ=['0.218', '0.067', '0.217', '0.209', '0.072', '0.217']
[2026-05-28 12:51:37] snapshot saved -> data.pth (3 methods)
[2026-05-28 12:51:37] === KL+X_mu+X_mix ===
[2026-05-28 12:51:38] KL+X_mu+X_mix      step     1/800    0.1%  loss=1.747e+01  ess=0.001  elapsed=   0.6s  583.7ms/step
[2026-05-28 12:51:42] KL+X_mu+X_mix      step     8/800    1.0%  loss=1.968e+01  ess=0.001  elapsed=   4.7s  589.5ms/step
[2026-05-28 12:51:46] KL+X_mu+X_mix      step    16/800    2.0%  loss=2.879e+01  ess=0.001  elapsed=   9.4s  585.8ms/step
[2026-05-28 12:51:51] KL+X_mu+X_mix      step    24/800    3.0%  loss=2.811e+01  ess=0.000  elapsed=  14.1s  585.7ms/step
[2026-05-28 12:51:56] KL+X_mu+X_mix      step    32/800    4.0%  loss=2.785e+01  ess=0.000  elapsed=  18.7s  585.0ms/step
[2026-05-28 12:52:00] KL+X_mu+X_mix      step    40/800    5.0%  loss=2.768e+01  ess=0.004  elapsed=  23.5s  587.9ms/step
[2026-05-28 12:52:05] KL+X_mu+X_mix      step    48/800    6.0%  loss=2.389e+01  ess=0.004  elapsed=  28.3s  589.3ms/step
[2026-05-28 12:52:10] KL+X_mu+X_mix      step    56/800    7.0%  loss=2.331e+01  ess=0.019  elapsed=  32.9s  587.3ms/step
[2026-05-28 12:52:14] KL+X_mu+X_mix      step    64/800    8.0%  loss=2.208e+01  ess=0.038  elapsed=  37.5s  585.7ms/step
[2026-05-28 12:52:19] KL+X_mu+X_mix      step    72/800    9.0%  loss=2.119e+01  ess=0.037  elapsed=  42.1s  584.4ms/step
[2026-05-28 12:52:24] KL+X_mu+X_mix      step    80/800   10.0%  loss=2.039e+01  ess=0.156  elapsed=  46.7s  583.5ms/step
[2026-05-28 12:52:28] KL+X_mu+X_mix      step    88/800   11.0%  loss=2.018e+01  ess=0.195  elapsed=  51.3s  582.8ms/step
[2026-05-28 12:52:33] KL+X_mu+X_mix      step    96/800   12.0%  loss=2.051e+01  ess=0.207  elapsed=  55.9s  582.2ms/step
[2026-05-28 12:52:38] KL+X_mu+X_mix      step   104/800   13.0%  loss=2.061e+01  ess=0.238  elapsed=  60.6s  582.7ms/step
[2026-05-28 12:52:42] KL+X_mu+X_mix      step   112/800   14.0%  loss=2.034e+01  ess=0.273  elapsed=  65.3s  582.9ms/step
[2026-05-28 12:52:47] KL+X_mu+X_mix      step   120/800   15.0%  loss=2.027e+01  ess=0.280  elapsed=  70.1s  584.1ms/step
[2026-05-28 12:52:52] KL+X_mu+X_mix      step   128/800   16.0%  loss=2.019e+01  ess=0.223  elapsed=  74.9s  585.3ms/step
[2026-05-28 12:52:57] KL+X_mu+X_mix      step   136/800   17.0%  loss=2.058e+01  ess=0.304  elapsed=  79.9s  587.2ms/step
[2026-05-28 12:53:02] KL+X_mu+X_mix      step   144/800   18.0%  loss=2.043e+01  ess=0.323  elapsed=  84.6s  587.5ms/step
[2026-05-28 12:53:06] KL+X_mu+X_mix      step   152/800   19.0%  loss=1.985e+01  ess=0.302  elapsed=  89.3s  587.2ms/step
[2026-05-28 12:53:11] KL+X_mu+X_mix      step   160/800   20.0%  loss=1.986e+01  ess=0.338  elapsed=  94.0s  587.6ms/step
[2026-05-28 12:53:16] KL+X_mu+X_mix      step   168/800   21.0%  loss=2.042e+01  ess=0.324  elapsed=  98.8s  588.1ms/step
[2026-05-28 12:53:21] KL+X_mu+X_mix      step   176/800   22.0%  loss=1.998e+01  ess=0.326  elapsed= 103.7s  589.0ms/step
[2026-05-28 12:53:25] KL+X_mu+X_mix      step   184/800   23.0%  loss=2.016e+01  ess=0.316  elapsed= 108.4s  589.3ms/step
[2026-05-28 12:53:30] KL+X_mu+X_mix      step   192/800   24.0%  loss=1.987e+01  ess=0.339  elapsed= 113.1s  589.1ms/step
[2026-05-28 12:53:35] KL+X_mu+X_mix      step   200/800   25.0%  loss=1.989e+01  ess=0.344  elapsed= 117.9s  589.3ms/step
[2026-05-28 12:53:40] KL+X_mu+X_mix      step   208/800   26.0%  loss=2.022e+01  ess=0.346  elapsed= 122.6s  589.5ms/step
[2026-05-28 12:53:44] KL+X_mu+X_mix      step   216/800   27.0%  loss=2.017e+01  ess=0.306  elapsed= 127.4s  589.8ms/step
[2026-05-28 12:53:49] KL+X_mu+X_mix      step   224/800   28.0%  loss=2.040e+01  ess=0.341  elapsed= 132.1s  589.8ms/step
[2026-05-28 12:53:54] KL+X_mu+X_mix      step   232/800   29.0%  loss=2.016e+01  ess=0.319  elapsed= 137.0s  590.5ms/step
[2026-05-28 12:53:59] KL+X_mu+X_mix      step   240/800   30.0%  loss=2.016e+01  ess=0.331  elapsed= 141.6s  590.1ms/step
[2026-05-28 12:54:03] KL+X_mu+X_mix      step   248/800   31.0%  loss=2.049e+01  ess=0.317  elapsed= 146.3s  589.7ms/step
[2026-05-28 12:54:08] KL+X_mu+X_mix      step   256/800   32.0%  loss=1.992e+01  ess=0.339  elapsed= 151.0s  589.7ms/step
[2026-05-28 12:54:13] KL+X_mu+X_mix      step   264/800   33.0%  loss=2.018e+01  ess=0.336  elapsed= 155.6s  589.3ms/step
[2026-05-28 12:54:17] KL+X_mu+X_mix      step   272/800   34.0%  loss=2.011e+01  ess=0.354  elapsed= 160.3s  589.2ms/step
[2026-05-28 12:54:22] KL+X_mu+X_mix      step   280/800   35.0%  loss=2.021e+01  ess=0.338  elapsed= 164.9s  589.0ms/step
[2026-05-28 12:54:27] KL+X_mu+X_mix      step   288/800   36.0%  loss=2.056e+01  ess=0.324  elapsed= 169.8s  589.6ms/step
[2026-05-28 12:54:31] KL+X_mu+X_mix      step   296/800   37.0%  loss=2.052e+01  ess=0.352  elapsed= 174.5s  589.5ms/step
[2026-05-28 12:54:36] KL+X_mu+X_mix      step   304/800   38.0%  loss=2.035e+01  ess=0.336  elapsed= 179.3s  589.8ms/step
[2026-05-28 12:54:41] KL+X_mu+X_mix      step   312/800   39.0%  loss=2.074e+01  ess=0.335  elapsed= 184.3s  590.6ms/step
[2026-05-28 12:54:47] KL+X_mu+X_mix      step   320/800   40.0%  loss=2.030e+01  ess=0.335  elapsed= 189.8s  593.0ms/step
[2026-05-28 12:54:52] KL+X_mu+X_mix      step   328/800   41.0%  loss=2.048e+01  ess=0.351  elapsed= 195.4s  595.8ms/step
[2026-05-28 12:54:57] KL+X_mu+X_mix      step   336/800   42.0%  loss=2.013e+01  ess=0.350  elapsed= 200.2s  595.9ms/step
[2026-05-28 12:55:02] KL+X_mu+X_mix      step   344/800   43.0%  loss=1.989e+01  ess=0.348  elapsed= 205.5s  597.5ms/step
[2026-05-28 12:55:08] KL+X_mu+X_mix      step   352/800   44.0%  loss=2.043e+01  ess=0.337  elapsed= 211.4s  600.6ms/step
[2026-05-28 12:55:15] KL+X_mu+X_mix      step   360/800   45.0%  loss=1.996e+01  ess=0.356  elapsed= 217.6s  604.3ms/step
[2026-05-28 12:55:21] KL+X_mu+X_mix      step   368/800   46.0%  loss=2.018e+01  ess=0.336  elapsed= 223.7s  608.0ms/step
[2026-05-28 12:55:27] KL+X_mu+X_mix      step   376/800   47.0%  loss=2.009e+01  ess=0.341  elapsed= 229.9s  611.5ms/step
[2026-05-28 12:55:33] KL+X_mu+X_mix      step   384/800   48.0%  loss=2.006e+01  ess=0.338  elapsed= 236.2s  615.1ms/step
[2026-05-28 12:55:39] KL+X_mu+X_mix      step   392/800   49.0%  loss=2.049e+01  ess=0.334  elapsed= 242.5s  618.5ms/step
[2026-05-28 12:55:44] KL+X_mu+X_mix      step   400/800   50.0%  loss=2.048e+01  ess=0.351  elapsed= 247.4s  618.4ms/step
[2026-05-28 12:55:49] KL+X_mu+X_mix      step   408/800   51.0%  loss=2.010e+01  ess=0.352  elapsed= 252.1s  617.9ms/step
[2026-05-28 12:55:54] KL+X_mu+X_mix      step   416/800   52.0%  loss=2.033e+01  ess=0.341  elapsed= 256.9s  617.6ms/step
[2026-05-28 12:55:58] KL+X_mu+X_mix      step   424/800   53.0%  loss=2.036e+01  ess=0.355  elapsed= 261.5s  616.8ms/step
[2026-05-28 12:56:03] KL+X_mu+X_mix      step   432/800   54.0%  loss=2.027e+01  ess=0.337  elapsed= 266.1s  616.1ms/step
[2026-05-28 12:56:08] KL+X_mu+X_mix      step   440/800   55.0%  loss=2.063e+01  ess=0.349  elapsed= 270.7s  615.3ms/step
[2026-05-28 12:56:12] KL+X_mu+X_mix      step   448/800   56.0%  loss=2.020e+01  ess=0.333  elapsed= 275.4s  614.7ms/step
[2026-05-28 12:56:17] KL+X_mu+X_mix      step   456/800   57.0%  loss=2.003e+01  ess=0.323  elapsed= 280.0s  614.1ms/step
[2026-05-28 12:56:22] KL+X_mu+X_mix      step   464/800   58.0%  loss=2.032e+01  ess=0.351  elapsed= 284.6s  613.4ms/step
[2026-05-28 12:56:26] KL+X_mu+X_mix      step   472/800   59.0%  loss=2.015e+01  ess=0.338  elapsed= 289.4s  613.0ms/step
[2026-05-28 12:56:31] KL+X_mu+X_mix      step   480/800   60.0%  loss=2.056e+01  ess=0.351  elapsed= 294.1s  612.7ms/step
[2026-05-28 12:56:36] KL+X_mu+X_mix      step   488/800   61.0%  loss=1.995e+01  ess=0.343  elapsed= 299.0s  612.7ms/step
[2026-05-28 12:56:41] KL+X_mu+X_mix      step   496/800   62.0%  loss=2.014e+01  ess=0.358  elapsed= 303.7s  612.3ms/step
[2026-05-28 12:56:45] KL+X_mu+X_mix      step   504/800   63.0%  loss=2.021e+01  ess=0.332  elapsed= 308.5s  612.0ms/step
[2026-05-28 12:56:50] KL+X_mu+X_mix      step   512/800   64.0%  loss=2.053e+01  ess=0.349  elapsed= 313.1s  611.5ms/step
[2026-05-28 12:56:55] KL+X_mu+X_mix      step   520/800   65.0%  loss=2.097e+01  ess=0.351  elapsed= 317.7s  611.0ms/step
[2026-05-28 12:56:59] KL+X_mu+X_mix      step   528/800   66.0%  loss=1.990e+01  ess=0.362  elapsed= 322.4s  610.5ms/step
[2026-05-28 12:57:04] KL+X_mu+X_mix      step   536/800   67.0%  loss=1.992e+01  ess=0.352  elapsed= 327.1s  610.2ms/step
[2026-05-28 12:57:09] KL+X_mu+X_mix      step   544/800   68.0%  loss=2.049e+01  ess=0.338  elapsed= 332.0s  610.3ms/step
[2026-05-28 12:57:14] KL+X_mu+X_mix      step   552/800   69.0%  loss=2.023e+01  ess=0.345  elapsed= 336.6s  609.9ms/step
[2026-05-28 12:57:18] KL+X_mu+X_mix      step   560/800   70.0%  loss=2.001e+01  ess=0.340  elapsed= 341.3s  609.4ms/step
[2026-05-28 12:57:23] KL+X_mu+X_mix      step   568/800   71.0%  loss=2.011e+01  ess=0.346  elapsed= 346.2s  609.5ms/step
[2026-05-28 12:57:28] KL+X_mu+X_mix      step   576/800   72.0%  loss=2.014e+01  ess=0.346  elapsed= 351.0s  609.3ms/step
[2026-05-28 12:57:33] KL+X_mu+X_mix      step   584/800   73.0%  loss=2.001e+01  ess=0.346  elapsed= 355.6s  608.8ms/step
[2026-05-28 12:57:37] KL+X_mu+X_mix      step   592/800   74.0%  loss=2.012e+01  ess=0.349  elapsed= 360.2s  608.4ms/step
[2026-05-28 12:57:42] KL+X_mu+X_mix      step   600/800   75.0%  loss=2.038e+01  ess=0.332  elapsed= 364.8s  608.0ms/step
[2026-05-28 12:57:46] KL+X_mu+X_mix      step   608/800   76.0%  loss=2.048e+01  ess=0.350  elapsed= 369.4s  607.6ms/step
[2026-05-28 12:57:51] KL+X_mu+X_mix      step   616/800   77.0%  loss=1.988e+01  ess=0.343  elapsed= 374.0s  607.2ms/step
[2026-05-28 12:57:56] KL+X_mu+X_mix      step   624/800   78.0%  loss=2.008e+01  ess=0.339  elapsed= 378.9s  607.2ms/step
[2026-05-28 12:58:01] KL+X_mu+X_mix      step   632/800   79.0%  loss=2.003e+01  ess=0.346  elapsed= 383.9s  607.4ms/step
[2026-05-28 12:58:06] KL+X_mu+X_mix      step   640/800   80.0%  loss=2.001e+01  ess=0.357  elapsed= 388.5s  607.1ms/step
[2026-05-28 12:58:10] KL+X_mu+X_mix      step   648/800   81.0%  loss=2.020e+01  ess=0.346  elapsed= 393.3s  607.0ms/step
[2026-05-28 12:58:15] KL+X_mu+X_mix      step   656/800   82.0%  loss=2.051e+01  ess=0.350  elapsed= 398.0s  606.8ms/step
[2026-05-28 12:58:20] KL+X_mu+X_mix      step   664/800   83.0%  loss=1.986e+01  ess=0.344  elapsed= 402.7s  606.5ms/step
[2026-05-28 12:58:24] KL+X_mu+X_mix      step   672/800   84.0%  loss=2.071e+01  ess=0.357  elapsed= 407.4s  606.3ms/step
[2026-05-28 12:58:29] KL+X_mu+X_mix      step   680/800   85.0%  loss=2.028e+01  ess=0.348  elapsed= 412.1s  606.1ms/step
[2026-05-28 12:58:34] KL+X_mu+X_mix      step   688/800   86.0%  loss=2.030e+01  ess=0.343  elapsed= 416.9s  606.0ms/step
[2026-05-28 12:58:39] KL+X_mu+X_mix      step   696/800   87.0%  loss=2.056e+01  ess=0.322  elapsed= 421.7s  606.0ms/step
[2026-05-28 12:58:43] KL+X_mu+X_mix      step   704/800   88.0%  loss=2.036e+01  ess=0.350  elapsed= 426.5s  605.9ms/step
[2026-05-28 12:58:48] KL+X_mu+X_mix      step   712/800   89.0%  loss=2.025e+01  ess=0.360  elapsed= 431.3s  605.8ms/step
[2026-05-28 12:58:53] KL+X_mu+X_mix      step   720/800   90.0%  loss=2.026e+01  ess=0.358  elapsed= 436.1s  605.7ms/step
[2026-05-28 12:58:58] KL+X_mu+X_mix      step   728/800   91.0%  loss=2.047e+01  ess=0.344  elapsed= 440.9s  605.6ms/step
[2026-05-28 12:59:03] KL+X_mu+X_mix      step   736/800   92.0%  loss=2.033e+01  ess=0.351  elapsed= 445.7s  605.6ms/step
[2026-05-28 12:59:08] KL+X_mu+X_mix      step   744/800   93.0%  loss=2.008e+01  ess=0.362  elapsed= 450.7s  605.8ms/step
[2026-05-28 12:59:12] KL+X_mu+X_mix      step   752/800   94.0%  loss=2.017e+01  ess=0.355  elapsed= 455.4s  605.6ms/step
[2026-05-28 12:59:17] KL+X_mu+X_mix      step   760/800   95.0%  loss=2.022e+01  ess=0.359  elapsed= 460.3s  605.7ms/step
[2026-05-28 12:59:22] KL+X_mu+X_mix      step   768/800   96.0%  loss=2.058e+01  ess=0.363  elapsed= 465.0s  605.5ms/step
[2026-05-28 12:59:27] KL+X_mu+X_mix      step   776/800   97.0%  loss=2.021e+01  ess=0.344  elapsed= 469.8s  605.4ms/step
[2026-05-28 12:59:31] KL+X_mu+X_mix      step   784/800   98.0%  loss=2.043e+01  ess=0.348  elapsed= 474.5s  605.3ms/step
[2026-05-28 12:59:36] KL+X_mu+X_mix      step   792/800   99.0%  loss=1.997e+01  ess=0.349  elapsed= 479.3s  605.2ms/step
[2026-05-28 12:59:41] KL+X_mu+X_mix      step   800/800  100.0%  loss=2.023e+01  ess=0.359  elapsed= 484.1s  605.1ms/step
[2026-05-28 12:59:42] KL+X_mu+X_mix      POST-TRAIN coarse_ess=0.3502  fine_ess=0.6302  modes=6/6  knn_cov=0.001  occ=['0.239', '0.077', '0.216', '0.199', '0.067', '0.201']
[2026-05-28 12:59:42] snapshot saved -> data.pth (4 methods)
[2026-05-28 12:59:42] ##### DONE -> data.pth #####
