[00:00:35] ==== verify_md START  implicit=40.0ns vacuum=20.0ns ====
[00:00:35] START MD env=implicit target=40.0 ns dt=1.0 fs save_every=0.5 ps
[00:00:35]   implicit: platform=CUDA minimized  chirality=+2.57 (L)  start phi=-146
[00:00:35]   implicit: starting sampling
[00:00:35]   implicit 1/80000 frames  t=0ps  phi=-133 psi=+156  frac(phi>0)=0.00  0s (80.1 fr/s)
[00:00:59]   implicit 2000/80000 frames  t=1000ps  phi=-69 psi=+109  frac(phi>0)=0.00  24s (82.7 fr/s)
[00:01:24]   implicit 4000/80000 frames  t=2000ps  phi=-152 psi=+107  frac(phi>0)=0.00  48s (82.6 fr/s)
[00:01:49]   implicit 6000/80000 frames  t=3000ps  phi=-147 psi=+149  frac(phi>0)=0.00  73s (81.8 fr/s)
[00:02:13]   implicit 8000/80000 frames  t=4000ps  phi=-156 psi=-56  frac(phi>0)=0.00  98s (82.0 fr/s)
[00:02:37]   implicit 10000/80000 frames  t=5000ps  phi=-174 psi=-171  frac(phi>0)=0.00  122s (81.8 fr/s)
[00:03:02]   implicit 12000/80000 frames  t=6000ps  phi=-144 psi=-50  frac(phi>0)=0.00  146s (81.9 fr/s)
[00:03:26]   implicit 14000/80000 frames  t=7000ps  phi=-56 psi=+132  frac(phi>0)=0.00  171s (81.8 fr/s)
[00:03:51]   implicit 16000/80000 frames  t=8000ps  phi=-148 psi=-169  frac(phi>0)=0.00  195s (81.9 fr/s)
[00:04:15]   implicit 18000/80000 frames  t=9000ps  phi=-66 psi=+121  frac(phi>0)=0.00  220s (81.8 fr/s)
[00:04:40]   implicit 20000/80000 frames  t=10000ps  phi=-157 psi=+145  frac(phi>0)=0.00  244s (81.9 fr/s)
[00:05:04]   implicit 22000/80000 frames  t=11000ps  phi=-63 psi=+128  frac(phi>0)=0.00  269s (81.8 fr/s)
[00:05:28]   implicit 24000/80000 frames  t=12000ps  phi=-69 psi=+136  frac(phi>0)=0.00  293s (81.9 fr/s)
[00:05:53]   implicit 26000/80000 frames  t=13000ps  phi=-139 psi=+159  frac(phi>0)=0.00  318s (81.8 fr/s)
[00:06:17]   implicit 28000/80000 frames  t=14000ps  phi=-121 psi=-54  frac(phi>0)=0.00  342s (81.9 fr/s)
[00:06:42]   implicit 30000/80000 frames  t=15000ps  phi=-146 psi=-76  frac(phi>0)=0.00  367s (81.8 fr/s)
[00:07:06]   implicit 32000/80000 frames  t=16000ps  phi=-143 psi=+146  frac(phi>0)=0.00  391s (81.8 fr/s)
[00:07:31]   implicit 34000/80000 frames  t=17000ps  phi=-65 psi=+96  frac(phi>0)=0.00  416s (81.7 fr/s)
[00:07:55]   implicit 36000/80000 frames  t=18000ps  phi=-74 psi=+68  frac(phi>0)=0.00  440s (81.8 fr/s)
[00:08:20]   implicit 38000/80000 frames  t=19000ps  phi=-74 psi=+142  frac(phi>0)=0.00  465s (81.8 fr/s)
[00:08:44]   implicit 40000/80000 frames  t=20000ps  phi=-62 psi=+153  frac(phi>0)=0.00  489s (81.8 fr/s)
[00:09:09]   implicit 42000/80000 frames  t=21000ps  phi=-80 psi=+140  frac(phi>0)=0.00  514s (81.8 fr/s)
[00:09:33]   implicit 44000/80000 frames  t=22000ps  phi=-83 psi=+135  frac(phi>0)=0.00  538s (81.8 fr/s)
[00:09:58]   implicit 46000/80000 frames  t=23000ps  phi=-43 psi=-44  frac(phi>0)=0.00  562s (81.8 fr/s)
[00:10:22]   implicit 48000/80000 frames  t=24000ps  phi=-135 psi=-149  frac(phi>0)=0.00  587s (81.8 fr/s)
[00:10:47]   implicit 50000/80000 frames  t=25000ps  phi=-126 psi=+173  frac(phi>0)=0.00  612s (81.8 fr/s)
[00:11:11]   implicit 52000/80000 frames  t=26000ps  phi=-121 psi=+160  frac(phi>0)=0.00  636s (81.8 fr/s)
[00:11:36]   implicit 54000/80000 frames  t=27000ps  phi=-131 psi=+152  frac(phi>0)=0.00  660s (81.8 fr/s)
[00:12:00]   implicit 56000/80000 frames  t=28000ps  phi=-75 psi=-50  frac(phi>0)=0.00  685s (81.8 fr/s)
[00:12:25]   implicit 58000/80000 frames  t=29000ps  phi=-128 psi=+141  frac(phi>0)=0.00  709s (81.8 fr/s)
[00:12:49]   implicit 60000/80000 frames  t=30000ps  phi=-74 psi=+153  frac(phi>0)=0.00  733s (81.8 fr/s)
[00:13:13]   implicit 62000/80000 frames  t=31000ps  phi=-172 psi=-173  frac(phi>0)=0.00  758s (81.8 fr/s)
[00:13:37]   implicit 64000/80000 frames  t=32000ps  phi=-85 psi=+12  frac(phi>0)=0.00  782s (81.8 fr/s)
[00:14:02]   implicit 66000/80000 frames  t=33000ps  phi=-147 psi=+119  frac(phi>0)=0.00  807s (81.8 fr/s)
[00:14:26]   implicit 68000/80000 frames  t=34000ps  phi=-69 psi=+151  frac(phi>0)=0.00  831s (81.8 fr/s)
[00:14:51]   implicit 70000/80000 frames  t=35000ps  phi=-165 psi=-180  frac(phi>0)=0.00  856s (81.8 fr/s)
